Archive member included to satisfy reference by file (symbol)

/usr/lib/gcc/arm-none-eabi/10.3.1/thumb/v6-m/nofp/libgcc.a(_dvmd_tls.o)
                              CMakeFiles/uSDR.dir/home/frohro/Projects/pico/pico-sdk/src/rp2_common/pico_divider/divider.S.obj (__aeabi_idiv0)
/usr/lib/gcc/arm-none-eabi/10.3.1/../../../arm-none-eabi/lib/thumb/v6-m/nofp/libg.a(lib_a-atexit.o)
                              /usr/lib/gcc/arm-none-eabi/10.3.1/../../../arm-none-eabi/lib/thumb/v6-m/nofp/crt0.o (atexit)
/usr/lib/gcc/arm-none-eabi/10.3.1/../../../arm-none-eabi/lib/thumb/v6-m/nofp/libg.a(lib_a-atoi.o)
                              CMakeFiles/uSDR.dir/monitor.c.obj (atoi)
/usr/lib/gcc/arm-none-eabi/10.3.1/../../../arm-none-eabi/lib/thumb/v6-m/nofp/libg.a(lib_a-calloc.o)
                              CMakeFiles/uSDR.dir/home/frohro/Projects/pico/pico-sdk/src/rp2_common/pico_malloc/pico_malloc.c.obj (calloc)
/usr/lib/gcc/arm-none-eabi/10.3.1/../../../arm-none-eabi/lib/thumb/v6-m/nofp/libg.a(lib_a-callocr.o)
                              /usr/lib/gcc/arm-none-eabi/10.3.1/../../../arm-none-eabi/lib/thumb/v6-m/nofp/libg.a(lib_a-calloc.o) (_calloc_r)
/usr/lib/gcc/arm-none-eabi/10.3.1/../../../arm-none-eabi/lib/thumb/v6-m/nofp/libg.a(lib_a-ctype_.o)
                              CMakeFiles/uSDR.dir/commands.c.obj (_ctype_)
/usr/lib/gcc/arm-none-eabi/10.3.1/../../../arm-none-eabi/lib/thumb/v6-m/nofp/libg.a(lib_a-fini.o)
                              /usr/lib/gcc/arm-none-eabi/10.3.1/../../../arm-none-eabi/lib/thumb/v6-m/nofp/crt0.o (__libc_fini_array)
/usr/lib/gcc/arm-none-eabi/10.3.1/../../../arm-none-eabi/lib/thumb/v6-m/nofp/libg.a(lib_a-impure.o)
                              /usr/lib/gcc/arm-none-eabi/10.3.1/../../../arm-none-eabi/lib/thumb/v6-m/nofp/libg.a(lib_a-calloc.o) (_impure_ptr)
/usr/lib/gcc/arm-none-eabi/10.3.1/../../../arm-none-eabi/lib/thumb/v6-m/nofp/libg.a(lib_a-init.o)
                              /usr/lib/gcc/arm-none-eabi/10.3.1/../../../arm-none-eabi/lib/thumb/v6-m/nofp/crt0.o (__libc_init_array)
/usr/lib/gcc/arm-none-eabi/10.3.1/../../../arm-none-eabi/lib/thumb/v6-m/nofp/libg.a(lib_a-malloc.o)
                              CMakeFiles/uSDR.dir/home/frohro/Projects/pico/pico-sdk/src/rp2_common/pico_malloc/pico_malloc.c.obj (malloc)
/usr/lib/gcc/arm-none-eabi/10.3.1/../../../arm-none-eabi/lib/thumb/v6-m/nofp/libg.a(lib_a-mallocr.o)
                              /usr/lib/gcc/arm-none-eabi/10.3.1/../../../arm-none-eabi/lib/thumb/v6-m/nofp/libg.a(lib_a-callocr.o) (_malloc_r)
/usr/lib/gcc/arm-none-eabi/10.3.1/../../../arm-none-eabi/lib/thumb/v6-m/nofp/libg.a(lib_a-mlock.o)
                              /usr/lib/gcc/arm-none-eabi/10.3.1/../../../arm-none-eabi/lib/thumb/v6-m/nofp/libg.a(lib_a-mallocr.o) (__malloc_lock)
/usr/lib/gcc/arm-none-eabi/10.3.1/../../../arm-none-eabi/lib/thumb/v6-m/nofp/libg.a(lib_a-sbrkr.o)
                              /usr/lib/gcc/arm-none-eabi/10.3.1/../../../arm-none-eabi/lib/thumb/v6-m/nofp/libg.a(lib_a-mallocr.o) (_sbrk_r)
/usr/lib/gcc/arm-none-eabi/10.3.1/../../../arm-none-eabi/lib/thumb/v6-m/nofp/libg.a(lib_a-strchr.o)
                              CMakeFiles/uSDR.dir/commands.c.obj (strchr)
/usr/lib/gcc/arm-none-eabi/10.3.1/../../../arm-none-eabi/lib/thumb/v6-m/nofp/libg.a(lib_a-strlen-stub.o)
                              CMakeFiles/uSDR.dir/lcd.c.obj (strlen)
/usr/lib/gcc/arm-none-eabi/10.3.1/../../../arm-none-eabi/lib/thumb/v6-m/nofp/libg.a(lib_a-strncmp.o)
                              CMakeFiles/uSDR.dir/monitor.c.obj (strncmp)
/usr/lib/gcc/arm-none-eabi/10.3.1/../../../arm-none-eabi/lib/thumb/v6-m/nofp/libg.a(lib_a-strstr.o)
                              CMakeFiles/uSDR.dir/commands.c.obj (strstr)
/usr/lib/gcc/arm-none-eabi/10.3.1/../../../arm-none-eabi/lib/thumb/v6-m/nofp/libg.a(lib_a-strtol.o)
                              /usr/lib/gcc/arm-none-eabi/10.3.1/../../../arm-none-eabi/lib/thumb/v6-m/nofp/libg.a(lib_a-atoi.o) (_strtol_r)
/usr/lib/gcc/arm-none-eabi/10.3.1/../../../arm-none-eabi/lib/thumb/v6-m/nofp/libg.a(lib_a-strtoul.o)
                              CMakeFiles/uSDR.dir/commands.c.obj (strtoul)
/usr/lib/gcc/arm-none-eabi/10.3.1/../../../arm-none-eabi/lib/thumb/v6-m/nofp/libg.a(lib_a-__atexit.o)
                              /usr/lib/gcc/arm-none-eabi/10.3.1/../../../arm-none-eabi/lib/thumb/v6-m/nofp/libg.a(lib_a-atexit.o) (__register_exitproc)
/usr/lib/gcc/arm-none-eabi/10.3.1/../../../arm-none-eabi/lib/thumb/v6-m/nofp/libg.a(lib_a-errno.o)
                              /usr/lib/gcc/arm-none-eabi/10.3.1/../../../arm-none-eabi/lib/thumb/v6-m/nofp/libg.a(lib_a-strtol.o) (__errno)
/usr/lib/gcc/arm-none-eabi/10.3.1/../../../arm-none-eabi/lib/thumb/v6-m/nofp/libg.a(lib_a-freer.o)
                              /usr/lib/gcc/arm-none-eabi/10.3.1/../../../arm-none-eabi/lib/thumb/v6-m/nofp/libg.a(lib_a-malloc.o) (_free_r)
/usr/lib/gcc/arm-none-eabi/10.3.1/../../../arm-none-eabi/lib/thumb/v6-m/nofp/libg.a(lib_a-memcmp.o)
[...]
Memory Configuration

Name             Origin             Length             Attributes
FLASH            0x0000000010000000 0x0000000000200000 xr
RAM              0x0000000020000000 0x0000000000040000 xrw
SCRATCH_X        0x0000000020040000 0x0000000000001000 xrw
SCRATCH_Y        0x0000000020041000 0x0000000000001000 xrw
*default*        0x0000000000000000 0xffffffffffffffff

Linker script and memory map

LOAD /usr/lib/gcc/arm-none-eabi/10.3.1/thumb/v6-m/nofp/crti.o
LOAD /usr/lib/gcc/arm-none-eabi/10.3.1/thumb/v6-m/nofp/crtbegin.o
LOAD /usr/lib/gcc/arm-none-eabi/10.3.1/../../../arm-none-eabi/lib/thumb/v6-m/nofp/crt0.o

.flash_begin    0x0000000010000000        0x0
                0x0000000010000000                __flash_binary_start = .

.boot2          0x0000000010000000      0x100
                0x0000000010000000                __boot2_start__ = .
 *(.boot2)
 .boot2         0x0000000010000000      0x100 /tmp/ccCd1oHa.o
                0x0000000010000100                __boot2_end__ = .
                0x0000000000000001                ASSERT (((__boot2_end__ - __boot2_start__) == 0x100), ERROR: Pico second stage bootloader must be 256 bytes in size)

.text           0x0000000010000100     0x8238
                0x0000000010000100                __logical_binary_start = .
 *(.vectors)
 .vectors       0x0000000010000100       0xd4 CMakeFiles/uSDR.dir/home/frohro/Projects/pico/pico-sdk/src/rp2_common/pico_standard_link/crt0.S.obj
                0x0000000010000100                __vectors
                0x0000000010000100                __VECTOR_TABLE
                0x00000000100001c0                isr_invalid
                0x00000000100001c0                __default_isrs_start
                0x00000000100001c2                isr_nmi
                0x00000000100001c4                isr_hardfault
                0x00000000100001c6                isr_svcall
                0x00000000100001c8                isr_pendsv
                0x00000000100001ca                isr_systick
                0x00000000100001cc                isr_irq30
                0x00000000100001cc                __unhandled_user_irq
                0x00000000100001cc                isr_irq13
                0x00000000100001cc                isr_irq27
                0x00000000100001cc                isr_irq31
                0x00000000100001cc                isr_irq5
                0x00000000100001cc                isr_irq11
                0x00000000100001cc                isr_irq23
                0x00000000100001cc                isr_irq18
                0x00000000100001cc                isr_irq28
                0x00000000100001cc                isr_irq19
                0x00000000100001cc                isr_irq0
                0x00000000100001cc                isr_irq6
                0x00000000100001cc                isr_irq22
                0x00000000100001cc                isr_irq17
                0x00000000100001cc                isr_irq14
                0x00000000100001cc                isr_irq2
                0x00000000100001cc                isr_irq10
                0x00000000100001cc                isr_irq8
                0x00000000100001cc                isr_irq24
                0x00000000100001cc                isr_irq1
                0x00000000100001cc                isr_irq7
                0x00000000100001cc                isr_irq21
                0x00000000100001cc                isr_irq20
                0x00000000100001cc                isr_irq15
                0x00000000100001cc                isr_irq25
                0x00000000100001cc                isr_irq4
                0x00000000100001cc                isr_irq16
                0x00000000100001cc                isr_irq29
                0x00000000100001cc                isr_irq26
                0x00000000100001cc                __default_isrs_end
                0x00000000100001cc                isr_irq3
                0x00000000100001cc                isr_irq12
                0x00000000100001cc                isr_irq9
                0x00000000100001d2                unhandled_user_irq_num_in_r0
 *(.binary_info_header)
 .binary_info_header
                0x00000000100001d4       0x14 CMakeFiles/uSDR.dir/home/frohro/Projects/pico/pico-sdk/src/rp2_common/pico_standard_link/crt0.S.obj
                0x00000000100001e8                __binary_info_header_end = .
 *(.reset)
 .reset         0x00000000100001e8       0xa8 CMakeFiles/uSDR.dir/home/frohro/Projects/pico/pico-sdk/src/rp2_common/pico_standard_link/crt0.S.obj
                0x00000000100001e8                _entry_point
                0x0000000010000266                __get_current_exception
 .reset         0x0000000010000290       0x30 CMakeFiles/uSDR.dir/home/frohro/Projects/pico/pico-sdk/src/rp2_common/pico_standard_link/binary_info.c.obj
 *(.init)
 .init          0x00000000100002c0        0x4 /usr/lib/gcc/arm-none-eabi/10.3.1/thumb/v6-m/nofp/crti.o
                0x00000000100002c0                _init
 *(EXCLUDE_FILE(*libm.a: *libc.a:*lib_a-mem*.o *libgcc.a:) .text*)
 .text          0x00000000100002c4       0x98 /usr/lib/gcc/arm-none-eabi/10.3.1/thumb/v6-m/nofp/crtbegin.o
 .text.led_callback
                0x000000001000035c       0x30 CMakeFiles/uSDR.dir/uSDR.c.obj
                0x000000001000035c                led_callback
 .text.main     0x000000001000038c       0x84 CMakeFiles/uSDR.dir/uSDR.c.obj
                0x000000001000038c                main
 .text.si_setmsn
                0x0000000010000410       0xc8 CMakeFiles/uSDR.dir/si5351.c.obj
                0x0000000010000410                si_setmsn
 .text.si_setmsi
                0x00000000100004d8      0x150 CMakeFiles/uSDR.dir/si5351.c.obj
                0x00000000100004d8                si_setmsi
 .text.si_evaluate
                0x0000000010000628      0x124 CMakeFiles/uSDR.dir/si5351.c.obj
                0x0000000010000628                si_evaluate
 .text.si_init  0x000000001000074c      0x14c CMakeFiles/uSDR.dir/si5351.c.obj
                0x000000001000074c                si_init
 .text.mon_init
                0x0000000010000898       0x54 CMakeFiles/uSDR.dir/monitor.c.obj
                0x0000000010000898                mon_init
 .text.freqValid
                0x00000000100008ec       0x18 CMakeFiles/uSDR.dir/commands.c.obj
                0x00000000100008ec                freqValid
 .text.parseFreq
                0x0000000010000904       0x60 CMakeFiles/uSDR.dir/commands.c.obj
                0x0000000010000904                parseFreq
 .text.parseCommand
                0x0000000010000964       0xbc CMakeFiles/uSDR.dir/commands.c.obj
                0x0000000010000964                parseCommand
 .text.command_get
                0x0000000010000a20       0x88 CMakeFiles/uSDR.dir/commands.c.obj
                0x0000000010000a20                command_get
 .text.gpio_set_function
                0x0000000010000aa8       0x30 CMakeFiles/uSDR.dir/home/frohro/Projects/pico/pico-sdk/src/rp2_common/hardware_gpio/gpio.c.obj
                0x0000000010000aa8                gpio_set_function
 .text.gpio_set_pulls
                0x0000000010000ad8       0x34 CMakeFiles/uSDR.dir/home/frohro/Projects/pico/pico-sdk/src/rp2_common/hardware_gpio/gpio.c.obj
                0x0000000010000ad8                gpio_set_pulls
 .text.gpio_init
                0x0000000010000b0c       0x16 CMakeFiles/uSDR.dir/home/frohro/Projects/pico/pico-sdk/src/rp2_common/hardware_gpio/gpio.c.obj
                0x0000000010000b0c                gpio_init
 *fill*         0x0000000010000b22        0x2 
 .text.hw_claim_lock
                0x0000000010000b24       0x18 CMakeFiles/uSDR.dir/home/frohro/Projects/pico/pico-sdk/src/rp2_common/hardware_claim/claim.c.obj
                0x0000000010000b24                hw_claim_lock
 .text.hw_claim_unlock
                0x0000000010000b3c       0x14 CMakeFiles/uSDR.dir/home/frohro/Projects/pico/pico-sdk/src/rp2_common/hardware_claim/claim.c.obj
                0x0000000010000b3c                hw_claim_unlock
 .text.hw_claim_or_assert
                0x0000000010000b50       0x32 CMakeFiles/uSDR.dir/home/frohro/Projects/pico/pico-sdk/src/rp2_common/hardware_claim/claim.c.obj
                0x0000000010000b50                hw_claim_or_assert
 .text.hw_claim_unused_from_range
                0x0000000010000b82       0x50 CMakeFiles/uSDR.dir/home/frohro/Projects/pico/pico-sdk/src/rp2_common/hardware_claim/claim.c.obj
                0x0000000010000b82                hw_claim_unused_from_range
 *fill*         0x0000000010000bd2        0x2 
 .text.running_on_fpga
                0x0000000010000bd4       0x14 CMakeFiles/uSDR.dir/home/frohro/Projects/pico/pico-sdk/src/rp2_common/pico_platform/platform.c.obj
                0x0000000010000bd4                running_on_fpga
 .text.spin_locks_reset
                0x0000000010000be8       0x20 CMakeFiles/uSDR.dir/home/frohro/Projects/pico/pico-sdk/src/rp2_common/hardware_sync/sync.c.obj
                0x0000000010000be8                spin_locks_reset
 .text.next_striped_spin_lock_num
                0x0000000010000c08       0x1c CMakeFiles/uSDR.dir/home/frohro/Projects/pico/pico-sdk/src/rp2_common/hardware_sync/sync.c.obj
                0x0000000010000c08                next_striped_spin_lock_num
 .text.spin_lock_claim_unused
                0x0000000010000c24       0x20 CMakeFiles/uSDR.dir/home/frohro/Projects/pico/pico-sdk/src/rp2_common/hardware_sync/sync.c.obj
                0x0000000010000c24                spin_lock_claim_unused
 .text.repeating_timer_callback
                0x0000000010000c44       0x40 CMakeFiles/uSDR.dir/home/frohro/Projects/pico/pico-sdk/src/common/pico_time/time.c.obj
 .text.alarm_pool_post_alloc_init
                0x0000000010000c84       0x40 CMakeFiles/uSDR.dir/home/frohro/Projects/pico/pico-sdk/src/common/pico_time/time.c.obj
 .text.sleep_until_callback
                0x0000000010000cc4       0x30 CMakeFiles/uSDR.dir/home/frohro/Projects/pico/pico-sdk/src/common/pico_time/time.c.obj
 .text.timer_pool_entry_comparator
                0x0000000010000cf4       0x7c CMakeFiles/uSDR.dir/home/frohro/Projects/pico/pico-sdk/src/common/pico_time/time.c.obj
                0x0000000010000cf4                timer_pool_entry_comparator
 .text.ph_add_child_node
                0x0000000010000d70       0xa4 CMakeFiles/uSDR.dir/home/frohro/Projects/pico/pico-sdk/src/common/pico_time/time.c.obj
 .text.ph_merge_nodes
                0x0000000010000e14       0x3e CMakeFiles/uSDR.dir/home/frohro/Projects/pico/pico-sdk/src/common/pico_time/time.c.obj
 *fill*         0x0000000010000e52        0x2 
 .text.add_alarm_under_lock
                0x0000000010000e54      0x174 CMakeFiles/uSDR.dir/home/frohro/Projects/pico/pico-sdk/src/common/pico_time/time.c.obj
 .text.alarm_pool_alarm_callback
                0x0000000010000fc8      0x328 CMakeFiles/uSDR.dir/home/frohro/Projects/pico/pico-sdk/src/common/pico_time/time.c.obj
 .text.alarm_pool_init_default
                0x00000000100012f0       0x38 CMakeFiles/uSDR.dir/home/frohro/Projects/pico/pico-sdk/src/common/pico_time/time.c.obj
                0x00000000100012f0                alarm_pool_init_default
 .text.alarm_pool_get_default
                0x0000000010001328       0x2c CMakeFiles/uSDR.dir/home/frohro/Projects/pico/pico-sdk/src/common/pico_time/time.c.obj
                0x0000000010001328                alarm_pool_get_default
 .text.alarm_pool_add_alarm_at
                0x0000000010001354      0x170 CMakeFiles/uSDR.dir/home/frohro/Projects/pico/pico-sdk/src/common/pico_time/time.c.obj
                0x0000000010001354                alarm_pool_add_alarm_at
 .text.alarm_pool_cancel_alarm
                0x00000000100014c4       0xf0 CMakeFiles/uSDR.dir/home/frohro/Projects/pico/pico-sdk/src/common/pico_time/time.c.obj
                0x00000000100014c4                alarm_pool_cancel_alarm
 .text.alarm_pool_add_repeating_timer_us
                0x00000000100015b4       0x9c CMakeFiles/uSDR.dir/home/frohro/Projects/pico/pico-sdk/src/common/pico_time/time.c.obj
                0x00000000100015b4                alarm_pool_add_repeating_timer_us
 .text.best_effort_wfe_or_timeout
                0x0000000010001650       0x80 CMakeFiles/uSDR.dir/home/frohro/Projects/pico/pico-sdk/src/common/pico_time/time.c.obj
                0x0000000010001650                best_effort_wfe_or_timeout
 .text.hardware_alarm_irq_handler
                0x00000000100016d0       0x8c CMakeFiles/uSDR.dir/home/frohro/Projects/pico/pico-sdk/src/rp2_common/hardware_timer/timer.c.obj
 .text.hardware_alarm_claim
                0x000000001000175c       0x18 CMakeFiles/uSDR.dir/home/frohro/Projects/pico/pico-sdk/src/rp2_common/hardware_timer/timer.c.obj
                0x000000001000175c                hardware_alarm_claim
 .text.time_us_64
                0x0000000010001774       0x18 CMakeFiles/uSDR.dir/home/frohro/Projects/pico/pico-sdk/src/rp2_common/hardware_timer/timer.c.obj
                0x0000000010001774                time_us_64
 .text.busy_wait_until
                0x000000001000178c       0x28 CMakeFiles/uSDR.dir/home/frohro/Projects/pico/pico-sdk/src/rp2_common/hardware_timer/timer.c.obj
                0x000000001000178c                busy_wait_until
 .text.busy_wait_us
                0x00000000100017b4       0x48 CMakeFiles/uSDR.dir/home/frohro/Projects/pico/pico-sdk/src/rp2_common/hardware_timer/timer.c.obj
                0x00000000100017b4                busy_wait_us
 .text.hardware_alarm_set_callback
                0x00000000100017fc       0x90 CMakeFiles/uSDR.dir/home/frohro/Projects/pico/pico-sdk/src/rp2_common/hardware_timer/timer.c.obj
                0x00000000100017fc                hardware_alarm_set_callback
 .text.hardware_alarm_set_target
                0x000000001000188c       0xe8 CMakeFiles/uSDR.dir/home/frohro/Projects/pico/pico-sdk/src/rp2_common/hardware_timer/timer.c.obj
                0x000000001000188c                hardware_alarm_set_target
 .text.hardware_alarm_cancel
                0x0000000010001974       0x40 CMakeFiles/uSDR.dir/home/frohro/Projects/pico/pico-sdk/src/rp2_common/hardware_timer/timer.c.obj
                0x0000000010001974                hardware_alarm_cancel
 .text.lock_init
                0x00000000100019b4       0x10 CMakeFiles/uSDR.dir/home/frohro/Projects/pico/pico-sdk/src/common/pico_sync/lock_core.c.obj
                0x00000000100019b4                lock_init
 .text.mutex_init
                0x00000000100019c4       0x1a CMakeFiles/uSDR.dir/home/frohro/Projects/pico/pico-sdk/src/common/pico_sync/mutex.c.obj
                0x00000000100019c4                mutex_init
 .text.recursive_mutex_init
                0x00000000100019de       0x1e CMakeFiles/uSDR.dir/home/frohro/Projects/pico/pico-sdk/src/common/pico_sync/mutex.c.obj
                0x00000000100019de                recursive_mutex_init
 .text.critical_section_init_with_lock_num
                0x00000000100019fc       0x14 CMakeFiles/uSDR.dir/home/frohro/Projects/pico/pico-sdk/src/common/pico_sync/critical_section.c.obj
                0x00000000100019fc                critical_section_init_with_lock_num
 .text.critical_section_init
                0x0000000010001a10       0x14 CMakeFiles/uSDR.dir/home/frohro/Projects/pico/pico-sdk/src/common/pico_sync/critical_section.c.obj
                0x0000000010001a10                critical_section_init
 .text.ph_add_child_node
                0x0000000010001a24       0xa4 CMakeFiles/uSDR.dir/home/frohro/Projects/pico/pico-sdk/src/common/pico_util/pheap.c.obj
 .text.ph_merge_nodes
                0x0000000010001ac8       0x3e CMakeFiles/uSDR.dir/home/frohro/Projects/pico/pico-sdk/src/common/pico_util/pheap.c.obj
 *fill*         0x0000000010001b06        0x2 
 .text.ph_clear
                0x0000000010001b08       0x70 CMakeFiles/uSDR.dir/home/frohro/Projects/pico/pico-sdk/src/common/pico_util/pheap.c.obj
                0x0000000010001b08                ph_clear
 .text.ph_post_alloc_init
                0x0000000010001b78        0xe CMakeFiles/uSDR.dir/home/frohro/Projects/pico/pico-sdk/src/common/pico_util/pheap.c.obj
                0x0000000010001b78                ph_post_alloc_init
 *fill*         0x0000000010001b86        0x2 
 .text.ph_merge_two_pass
                0x0000000010001b88       0xa8 CMakeFiles/uSDR.dir/home/frohro/Projects/pico/pico-sdk/src/common/pico_util/pheap.c.obj
                0x0000000010001b88                ph_merge_two_pass
 .text.ph_remove_any_head
                0x0000000010001c30      0x108 CMakeFiles/uSDR.dir/home/frohro/Projects/pico/pico-sdk/src/common/pico_util/pheap.c.obj
 .text.ph_remove_head
                0x0000000010001d38       0x14 CMakeFiles/uSDR.dir/home/frohro/Projects/pico/pico-sdk/src/common/pico_util/pheap.c.obj
                0x0000000010001d38                ph_remove_head
 .text.ph_remove_and_free_node
                0x0000000010001d4c       0xf8 CMakeFiles/uSDR.dir/home/frohro/Projects/pico/pico-sdk/src/common/pico_util/pheap.c.obj
                0x0000000010001d4c                ph_remove_and_free_node
 .text._exit    0x0000000010001e44        0x4 CMakeFiles/uSDR.dir/home/frohro/Projects/pico/pico-sdk/src/rp2_common/pico_runtime/runtime.c.obj
                0x0000000010001e44                _exit
 .text.exit     0x0000000010001e48        0x6 CMakeFiles/uSDR.dir/home/frohro/Projects/pico/pico-sdk/src/rp2_common/pico_runtime/runtime.c.obj
                0x0000000010001e48                exit
 *fill*         0x0000000010001e4e        0x2 
 .text.__assert_func
                0x0000000010001e50       0x3c CMakeFiles/uSDR.dir/home/frohro/Projects/pico/pico-sdk/src/rp2_common/pico_runtime/runtime.c.obj
                0x0000000010001e50                __assert_func
 .text.runtime_init
                0x0000000010001e8c       0xf8 CMakeFiles/uSDR.dir/home/frohro/Projects/pico/pico-sdk/src/rp2_common/pico_runtime/runtime.c.obj
                0x0000000010001e8c                runtime_init
 .text.panic    0x0000000010001f84       0x30 CMakeFiles/uSDR.dir/home/frohro/Projects/pico/pico-sdk/src/rp2_common/pico_runtime/runtime.c.obj
                0x0000000010001f84                panic
 .text.clock_configure
                0x0000000010001fb4      0x104 CMakeFiles/uSDR.dir/home/frohro/Projects/pico/pico-sdk/src/rp2_common/hardware_clocks/clocks.c.obj
                0x0000000010001fb4                clock_configure
 .text.clocks_init
                0x00000000100020b8      0x100 CMakeFiles/uSDR.dir/home/frohro/Projects/pico/pico-sdk/src/rp2_common/hardware_clocks/clocks.c.obj
                0x00000000100020b8                clocks_init
 .text.clock_get_hz
                0x00000000100021b8        0xc CMakeFiles/uSDR.dir/home/frohro/Projects/pico/pico-sdk/src/rp2_common/hardware_clocks/clocks.c.obj
                0x00000000100021b8                clock_get_hz
 .text.set_raw_irq_handler_and_unlock
                0x00000000100021c4       0x28 CMakeFiles/uSDR.dir/home/frohro/Projects/pico/pico-sdk/src/rp2_common/hardware_irq/irq.c.obj
 .text.make_branch
                0x00000000100021ec       0x48 CMakeFiles/uSDR.dir/home/frohro/Projects/pico/pico-sdk/src/rp2_common/hardware_irq/irq.c.obj
 .text.insert_branch_and_link
                0x0000000010002234       0x40 CMakeFiles/uSDR.dir/home/frohro/Projects/pico/pico-sdk/src/rp2_common/hardware_irq/irq.c.obj
 .text.irq_is_enabled
                0x0000000010002274       0x18 CMakeFiles/uSDR.dir/home/frohro/Projects/pico/pico-sdk/src/rp2_common/hardware_irq/irq.c.obj
                0x0000000010002274                irq_is_enabled
 .text.irq_set_mask_enabled
                0x000000001000228c       0x20 CMakeFiles/uSDR.dir/home/frohro/Projects/pico/pico-sdk/src/rp2_common/hardware_irq/irq.c.obj
                0x000000001000228c                irq_set_mask_enabled
 .text.irq_set_enabled
                0x00000000100022ac        0xe CMakeFiles/uSDR.dir/home/frohro/Projects/pico/pico-sdk/src/rp2_common/hardware_irq/irq.c.obj
                0x00000000100022ac                irq_set_enabled
 *fill*         0x00000000100022ba        0x2 
 .text.irq_set_pending
                0x00000000100022bc       0x10 CMakeFiles/uSDR.dir/home/frohro/Projects/pico/pico-sdk/src/rp2_common/hardware_irq/irq.c.obj
                0x00000000100022bc                irq_set_pending
 .text.irq_get_vtable_handler
                0x00000000100022cc       0x10 CMakeFiles/uSDR.dir/home/frohro/Projects/pico/pico-sdk/src/rp2_common/hardware_irq/irq.c.obj
                0x00000000100022cc                irq_get_vtable_handler
 .text.irq_set_exclusive_handler
                0x00000000100022dc       0x54 CMakeFiles/uSDR.dir/home/frohro/Projects/pico/pico-sdk/src/rp2_common/hardware_irq/irq.c.obj
                0x00000000100022dc                irq_set_exclusive_handler
 .text.irq_remove_handler
                0x0000000010002330      0x1a8 CMakeFiles/uSDR.dir/home/frohro/Projects/pico/pico-sdk/src/rp2_common/hardware_irq/irq.c.obj
                0x0000000010002330                irq_remove_handler
 .text.irq_add_tail_to_free_list
                0x00000000100024d8       0xf0 CMakeFiles/uSDR.dir/home/frohro/Projects/pico/pico-sdk/src/rp2_common/hardware_irq/irq.c.obj
                0x00000000100024d8                irq_add_tail_to_free_list
 .text.irq_init_priorities
                0x00000000100025c8       0x1c CMakeFiles/uSDR.dir/home/frohro/Projects/pico/pico-sdk/src/rp2_common/hardware_irq/irq.c.obj
                0x00000000100025c8                irq_init_priorities
 .text.pll_init
                0x00000000100025e4      0x120 CMakeFiles/uSDR.dir/home/frohro/Projects/pico/pico-sdk/src/rp2_common/hardware_pll/pll.c.obj
                0x00000000100025e4                pll_init
 .text.watchdog_start_tick
                0x0000000010002704       0x10 CMakeFiles/uSDR.dir/home/frohro/Projects/pico/pico-sdk/src/rp2_common/hardware_watchdog/watchdog.c.obj
                0x0000000010002704                watchdog_start_tick
 .text.watchdog_update
                0x0000000010002714       0x14 CMakeFiles/uSDR.dir/home/frohro/Projects/pico/pico-sdk/src/rp2_common/hardware_watchdog/watchdog.c.obj
                0x0000000010002714                watchdog_update
 .text._watchdog_enable
                0x0000000010002728       0x78 CMakeFiles/uSDR.dir/home/frohro/Projects/pico/pico-sdk/src/rp2_common/hardware_watchdog/watchdog.c.obj
                0x0000000010002728                _watchdog_enable
 .text.watchdog_reboot
                0x00000000100027a0       0x48 CMakeFiles/uSDR.dir/home/frohro/Projects/pico/pico-sdk/src/rp2_common/hardware_watchdog/watchdog.c.obj
                0x00000000100027a0                watchdog_reboot
 .text.xosc_init
                0x00000000100027e8       0x28 CMakeFiles/uSDR.dir/home/frohro/Projects/pico/pico-sdk/src/rp2_common/hardware_xosc/xosc.c.obj
                0x00000000100027e8                xosc_init
 .text._out_null
                0x0000000010002810        0x2 CMakeFiles/uSDR.dir/home/frohro/Projects/pico/pico-sdk/src/rp2_common/pico_printf/printf.c.obj
 .text._out_fct
                0x0000000010002812        0xe CMakeFiles/uSDR.dir/home/frohro/Projects/pico/pico-sdk/src/rp2_common/pico_printf/printf.c.obj
 .text._atoi    0x0000000010002820       0x24 CMakeFiles/uSDR.dir/home/frohro/Projects/pico/pico-sdk/src/rp2_common/pico_printf/printf.c.obj
 .text._out_rev
                0x0000000010002844       0xae CMakeFiles/uSDR.dir/home/frohro/Projects/pico/pico-sdk/src/rp2_common/pico_printf/printf.c.obj
 .text._ntoa_format
                0x00000000100028f2      0x112 CMakeFiles/uSDR.dir/home/frohro/Projects/pico/pico-sdk/src/rp2_common/pico_printf/printf.c.obj
 .text._ntoa_long
                0x0000000010002a04       0xbc CMakeFiles/uSDR.dir/home/frohro/Projects/pico/pico-sdk/src/rp2_common/pico_printf/printf.c.obj
 .text._ntoa_long_long
                0x0000000010002ac0       0xe2 CMakeFiles/uSDR.dir/home/frohro/Projects/pico/pico-sdk/src/rp2_common/pico_printf/printf.c.obj
 *fill*         0x0000000010002ba2        0x2 
 .text._etoa    0x0000000010002ba4      0x414 CMakeFiles/uSDR.dir/home/frohro/Projects/pico/pico-sdk/src/rp2_common/pico_printf/printf.c.obj
 .text._ftoa    0x0000000010002fb8      0x354 CMakeFiles/uSDR.dir/home/frohro/Projects/pico/pico-sdk/src/rp2_common/pico_printf/printf.c.obj
 .text._vsnprintf
                0x000000001000330c      0x624 CMakeFiles/uSDR.dir/home/frohro/Projects/pico/pico-sdk/src/rp2_common/pico_printf/printf.c.obj
 .text.vfctprintf
                0x0000000010003930       0x20 CMakeFiles/uSDR.dir/home/frohro/Projects/pico/pico-sdk/src/rp2_common/pico_printf/printf.c.obj
                0x0000000010003930                vfctprintf
 .text          0x0000000010003950       0x10 CMakeFiles/uSDR.dir/home/frohro/Projects/pico/pico-sdk/src/rp2_common/pico_bit_ops/bit_ops_aeabi.S.obj
 .text.rom_func_lookup
                0x0000000010003960       0x10 CMakeFiles/uSDR.dir/home/frohro/Projects/pico/pico-sdk/src/rp2_common/pico_bootrom/bootrom.c.obj
                0x0000000010003960                rom_func_lookup
 .text.rom_data_lookup
                0x0000000010003970       0x10 CMakeFiles/uSDR.dir/home/frohro/Projects/pico/pico-sdk/src/rp2_common/pico_bootrom/bootrom.c.obj
                0x0000000010003970                rom_data_lookup
 .text.rom_funcs_lookup
                0x0000000010003980       0x36 CMakeFiles/uSDR.dir/home/frohro/Projects/pico/pico-sdk/src/rp2_common/pico_bootrom/bootrom.c.obj
                0x0000000010003980                rom_funcs_lookup
 *fill*         0x00000000100039b6        0x2 
 .text.__wrap___aeabi_idiv
                0x00000000100039b8       0x50 CMakeFiles/uSDR.dir/home/frohro/Projects/pico/pico-sdk/src/rp2_common/pico_divider/divider.S.obj
                0x00000000100039b8                __wrap___aeabi_idivmod
                0x00000000100039b8                divmod_s32s32
                0x00000000100039b8                div_s32s32
                0x00000000100039b8                __wrap___aeabi_idiv
                0x00000000100039c0                divmod_s32s32_unsafe
                0x00000000100039ec                divmod_s32s32_savestate
 .text.__wrap___aeabi_uidiv
                0x0000000010003a08       0x4c CMakeFiles/uSDR.dir/home/frohro/Projects/pico/pico-sdk/src/rp2_common/pico_divider/divider.S.obj
                0x0000000010003a08                __wrap___aeabi_uidiv
                0x0000000010003a08                __wrap___aeabi_uidivmod
                0x0000000010003a08                div_u32u32
                0x0000000010003a08                divmod_u32u32
                0x0000000010003a10                divmod_u32u32_unsafe
                0x0000000010003a38                divmod_u32u32_savestate
 .text.__wrap___aeabi_ldiv
                0x0000000010003a54      0x434 CMakeFiles/uSDR.dir/home/frohro/Projects/pico/pico-sdk/src/rp2_common/pico_divider/divider.S.obj
                0x0000000010003a54                div_s64s64
                0x0000000010003a54                divmod_s64s64
                0x0000000010003a54                __wrap___aeabi_ldivmod
                0x0000000010003a8c                div_u64u64
                0x0000000010003a8c                divmod_u64u64
                0x0000000010003a8c                __wrap___aeabi_uldivmod
                0x0000000010003a9c                divmod_u64u64_savestate
                0x0000000010003ac4                divmod_s64s64_unsafe
                0x0000000010003b4c                divmod_u64u64_unsafe
 .text.__wrap___aeabi_darithmetic
                0x0000000010003e88       0x80 CMakeFiles/uSDR.dir/home/frohro/Projects/pico/pico-sdk/src/rp2_common/pico_double/double_aeabi.S.obj
                0x0000000010003e88                __wrap___aeabi_drsub
                0x0000000010003e8e                __wrap___aeabi_dsub
                0x0000000010003ea0                __wrap___aeabi_dadd
                0x0000000010003eb2                __wrap___aeabi_ddiv
                0x0000000010003eee                __wrap___aeabi_dmul
 .text.__wrap___aeabi_cdcmple
                0x0000000010003f08       0x6c CMakeFiles/uSDR.dir/home/frohro/Projects/pico/pico-sdk/src/rp2_common/pico_double/double_aeabi.S.obj
                0x0000000010003f08                __wrap___aeabi_cdrcmple
                0x0000000010003f18                __wrap___aeabi_cdcmple
                0x0000000010003f18                __wrap___aeabi_cdcmpeq
 .text.__wrap___aeabi_dcmplt
                0x0000000010003f74        0xc CMakeFiles/uSDR.dir/home/frohro/Projects/pico/pico-sdk/src/rp2_common/pico_double/double_aeabi.S.obj
                0x0000000010003f74                __wrap___aeabi_dcmplt
 .text.__wrap___aeabi_dcmple
                0x0000000010003f80       0x10 CMakeFiles/uSDR.dir/home/frohro/Projects/pico/pico-sdk/src/rp2_common/pico_double/double_aeabi.S.obj
                0x0000000010003f80                __wrap___aeabi_dcmple
 .text.__wrap___aeabi_dcmpge
                0x0000000010003f90       0x10 CMakeFiles/uSDR.dir/home/frohro/Projects/pico/pico-sdk/src/rp2_common/pico_double/double_aeabi.S.obj
                0x0000000010003f90                __wrap___aeabi_dcmpge
 .text.__wrap___aeabi_dcmpgt
                0x0000000010003fa0        0xa CMakeFiles/uSDR.dir/home/frohro/Projects/pico/pico-sdk/src/rp2_common/pico_double/double_aeabi.S.obj
                0x0000000010003fa0                __wrap___aeabi_dcmpgt
 .text.__wrap___aeabi_dcmpun
                0x0000000010003faa       0x1c CMakeFiles/uSDR.dir/home/frohro/Projects/pico/pico-sdk/src/rp2_common/pico_double/double_aeabi.S.obj
                0x0000000010003faa                __wrap___aeabi_dcmpun
 *fill*         0x0000000010003fc6        0x2 
 .text.__wrap___aeabi_i2d
                0x0000000010003fc8       0x38 CMakeFiles/uSDR.dir/home/frohro/Projects/pico/pico-sdk/src/rp2_common/pico_double/double_aeabi.S.obj
                0x0000000010003fc8                __wrap___aeabi_ui2d
                0x0000000010003fd0                __wrap___aeabi_i2d
 .text.__wrap___aeabi_d2iz
                0x0000000010004000       0x48 CMakeFiles/uSDR.dir/home/frohro/Projects/pico/pico-sdk/src/rp2_common/pico_double/double_aeabi.S.obj
                0x0000000010004000                __wrap___aeabi_d2iz
                0x0000000010004000                double2int_z
 .text.__wrap___aeabi_d2uiz
                0x0000000010004048       0x18 CMakeFiles/uSDR.dir/home/frohro/Projects/pico/pico-sdk/src/rp2_common/pico_double/double_aeabi.S.obj
                0x0000000010004048                double2uint
                0x0000000010004048                __wrap___aeabi_d2uiz
 .text.__aeabi_double_init
                0x0000000010004060       0xc8 CMakeFiles/uSDR.dir/home/frohro/Projects/pico/pico-sdk/src/rp2_common/pico_double/double_init_rom.c.obj
                0x0000000010004060                __aeabi_double_init
 .text.__wrap_floor
                0x0000000010004128       0x9c CMakeFiles/uSDR.dir/home/frohro/Projects/pico/pico-sdk/src/rp2_common/pico_double/double_math.c.obj
                0x0000000010004128                __wrap_floor
 .text.double_table_shim_on_use_helper
                0x00000000100041c4       0x34 CMakeFiles/uSDR.dir/home/frohro/Projects/pico/pico-sdk/src/rp2_common/pico_double/double_v1_rom_shim.S.obj
                0x00000000100041c4                double_table_shim_on_use_helper
 .text.__wrap___aeabi_dsub
                0x00000000100041f8       0x10 CMakeFiles/uSDR.dir/home/frohro/Projects/pico/pico-sdk/src/rp2_common/pico_double/double_v1_rom_shim.S.obj
                0x00000000100041f8                drsub_shim
                0x00000000100041fe                dsub_shim
 .text.dadd_shim
                0x0000000010004208      0x15c CMakeFiles/uSDR.dir/home/frohro/Projects/pico/pico-sdk/src/rp2_common/pico_double/double_v1_rom_shim.S.obj
                0x0000000010004208                dadd_shim
 .text.dmul_shim
                0x0000000010004364      0x15c CMakeFiles/uSDR.dir/home/frohro/Projects/pico/pico-sdk/src/rp2_common/pico_double/double_v1_rom_shim.S.obj
                0x0000000010004364                dmul_shim
 .text.ddiv_shim
                0x00000000100044c0      0x1b0 CMakeFiles/uSDR.dir/home/frohro/Projects/pico/pico-sdk/src/rp2_common/pico_double/double_v1_rom_shim.S.obj
                0x00000000100044c0                ddiv_shim
 .text.double2uint_shim
                0x0000000010004670        0xe CMakeFiles/uSDR.dir/home/frohro/Projects/pico/pico-sdk/src/rp2_common/pico_double/double_v1_rom_shim.S.obj
                0x0000000010004670                double2uint_shim
                0x0000000010004672                double2ufix_shim
 *fill*         0x000000001000467e        0x2 
 .text.double2uint64_shim
                0x0000000010004680       0x70 CMakeFiles/uSDR.dir/home/frohro/Projects/pico/pico-sdk/src/rp2_common/pico_double/double_v1_rom_shim.S.obj
                0x0000000010004680                double2uint64_shim
                0x0000000010004682                double2ufix64_shim
                0x00000000100046a2                d2fix_a
 .text.dunpacks
                0x00000000100046f0       0x3c CMakeFiles/uSDR.dir/home/frohro/Projects/pico/pico-sdk/src/rp2_common/pico_double/double_v1_rom_shim.S.obj
                0x00000000100046f0                dunpacks
 .text.__aeabi_lmul
                0x000000001000472c       0x32 CMakeFiles/uSDR.dir/home/frohro/Projects/pico/pico-sdk/src/rp2_common/pico_int64_ops/pico_int64_ops_aeabi.S.obj
                0x000000001000472c                __wrap___aeabi_lmul
 *fill*         0x000000001000475e        0x2 
 .text.__wrap___aeabi_farithmetic
                0x0000000010004760       0x58 CMakeFiles/uSDR.dir/home/frohro/Projects/pico/pico-sdk/src/rp2_common/pico_float/float_aeabi.S.obj
                0x0000000010004760                __wrap___aeabi_frsub
                0x0000000010004766                __wrap___aeabi_fsub
                0x0000000010004770                __wrap___aeabi_fadd
                0x000000001000477a                __wrap___aeabi_fdiv
                0x00000000100047a6                __wrap___aeabi_fmul
 .text.__wrap___aeabi_ui2f
                0x00000000100047b8        0xa CMakeFiles/uSDR.dir/home/frohro/Projects/pico/pico-sdk/src/rp2_common/pico_float/float_aeabi.S.obj
                0x00000000100047b8                __wrap___aeabi_ui2f
 *fill*         0x00000000100047c2        0x2 
 .text.__wrap___aeabi_i2f
                0x00000000100047c4       0x44 CMakeFiles/uSDR.dir/home/frohro/Projects/pico/pico-sdk/src/rp2_common/pico_float/float_aeabi.S.obj
                0x00000000100047c4                __wrap___aeabi_i2f
 .text.__wrap___aeabi_f2uiz
                0x0000000010004808       0x10 CMakeFiles/uSDR.dir/home/frohro/Projects/pico/pico-sdk/src/rp2_common/pico_float/float_aeabi.S.obj
                0x0000000010004808                __wrap___aeabi_f2uiz
 .text.__wrap___aeabi_f2d
                0x0000000010004818       0x14 CMakeFiles/uSDR.dir/home/frohro/Projects/pico/pico-sdk/src/rp2_common/pico_float/float_aeabi.S.obj
                0x0000000010004818                __wrap___aeabi_f2d
 .text.__aeabi_float_init
                0x000000001000482c       0xfc CMakeFiles/uSDR.dir/home/frohro/Projects/pico/pico-sdk/src/rp2_common/pico_float/float_init_rom.c.obj
                0x000000001000482c                __aeabi_float_init
 .text.float_table_shim_on_use_helper
                0x0000000010004928       0x34 CMakeFiles/uSDR.dir/home/frohro/Projects/pico/pico-sdk/src/rp2_common/pico_float/float_v1_rom_shim.S.obj
                0x0000000010004928                float_table_shim_on_use_helper
 .text.float2double_shim
                0x000000001000495c       0x30 CMakeFiles/uSDR.dir/home/frohro/Projects/pico/pico-sdk/src/rp2_common/pico_float/float_v1_rom_shim.S.obj
                0x000000001000495c                float2double_shim
 .text          0x000000001000498c       0x10 CMakeFiles/uSDR.dir/home/frohro/Projects/pico/pico-sdk/src/rp2_common/pico_mem_ops/mem_ops_aeabi.S.obj
                0x000000001000498c                __aeabi_mem_init
 .text.memset   0x000000001000499c        0xc CMakeFiles/uSDR.dir/home/frohro/Projects/pico/pico-sdk/src/rp2_common/pico_mem_ops/mem_ops_aeabi.S.obj
                0x000000001000499c                __wrap_memset
 .text.memcpy   0x00000000100049a8        0xc CMakeFiles/uSDR.dir/home/frohro/Projects/pico/pico-sdk/src/rp2_common/pico_mem_ops/mem_ops_aeabi.S.obj
                0x00000000100049a8                __wrap___aeabi_memcpy
                0x00000000100049a8                __wrap_memcpy
 .text.stdio_out_chars_no_crlf
                0x00000000100049b4        0xe CMakeFiles/uSDR.dir/home/frohro/Projects/pico/pico-sdk/src/rp2_common/pico_stdio/stdio.c.obj
 *fill*         0x00000000100049c2        0x2 
 .text.stdio_out_chars_crlf
                0x00000000100049c4       0x80 CMakeFiles/uSDR.dir/home/frohro/Projects/pico/pico-sdk/src/rp2_common/pico_stdio/stdio.c.obj
 .text.stdio_stack_buffer_flush
                0x0000000010004a44       0x44 CMakeFiles/uSDR.dir/home/frohro/Projects/pico/pico-sdk/src/rp2_common/pico_stdio/stdio.c.obj
 .text.stdio_buffered_printer
                0x0000000010004a88       0x20 CMakeFiles/uSDR.dir/home/frohro/Projects/pico/pico-sdk/src/rp2_common/pico_stdio/stdio.c.obj
 .text.stdio_get_until
                0x0000000010004aa8       0x80 CMakeFiles/uSDR.dir/home/frohro/Projects/pico/pico-sdk/src/rp2_common/pico_stdio/stdio.c.obj
 .text.stdout_serialize_begin
                0x0000000010004b28       0x30 CMakeFiles/uSDR.dir/home/frohro/Projects/pico/pico-sdk/src/rp2_common/pico_stdio/stdio.c.obj
                0x0000000010004b28                stdout_serialize_begin
 .text.stdout_serialize_end
                0x0000000010004b58       0x10 CMakeFiles/uSDR.dir/home/frohro/Projects/pico/pico-sdk/src/rp2_common/pico_stdio/stdio.c.obj
                0x0000000010004b58                stdout_serialize_end
 .text.stdio_put_string
                0x0000000010004b68       0x98 CMakeFiles/uSDR.dir/home/frohro/Projects/pico/pico-sdk/src/rp2_common/pico_stdio/stdio.c.obj
 .text.__wrap_putchar
                0x0000000010004c00       0x1c CMakeFiles/uSDR.dir/home/frohro/Projects/pico/pico-sdk/src/rp2_common/pico_stdio/stdio.c.obj
                0x0000000010004c00                __wrap_putchar
 .text.stdio_set_driver_enabled
                0x0000000010004c1c       0x2c CMakeFiles/uSDR.dir/home/frohro/Projects/pico/pico-sdk/src/rp2_common/pico_stdio/stdio.c.obj
                0x0000000010004c1c                stdio_set_driver_enabled
 .text.stdio_flush
                0x0000000010004c48       0x20 CMakeFiles/uSDR.dir/home/frohro/Projects/pico/pico-sdk/src/rp2_common/pico_stdio/stdio.c.obj
                0x0000000010004c48                stdio_flush
 .text.__wrap_puts
                0x0000000010004c68       0x1e CMakeFiles/uSDR.dir/home/frohro/Projects/pico/pico-sdk/src/rp2_common/pico_stdio/stdio.c.obj
                0x0000000010004c68                __wrap_puts
 *fill*         0x0000000010004c86        0x2 
 .text.__wrap_vprintf
                0x0000000010004c88       0x44 CMakeFiles/uSDR.dir/home/frohro/Projects/pico/pico-sdk/src/rp2_common/pico_stdio/stdio.c.obj
                0x0000000010004c88                __wrap_vprintf
 .text.__wrap_printf
                0x0000000010004ccc       0x18 CMakeFiles/uSDR.dir/home/frohro/Projects/pico/pico-sdk/src/rp2_common/pico_stdio/stdio.c.obj
                0x0000000010004ccc                __wrap_printf
 .text.stdio_init_all
                0x0000000010004ce4        0x8 CMakeFiles/uSDR.dir/home/frohro/Projects/pico/pico-sdk/src/rp2_common/pico_stdio/stdio.c.obj
                0x0000000010004ce4                stdio_init_all
 .text.getchar_timeout_us
                0x0000000010004cec       0x80 CMakeFiles/uSDR.dir/home/frohro/Projects/pico/pico-sdk/src/rp2_common/pico_stdio/stdio.c.obj
                0x0000000010004cec                getchar_timeout_us
 .text.resetd_init
                0x0000000010004d6c        0x2 CMakeFiles/uSDR.dir/home/frohro/Projects/pico/pico-sdk/src/rp2_common/pico_stdio_usb/reset_interface.c.obj
 *fill*         0x0000000010004d6e        0x2 
 .text.resetd_reset
                0x0000000010004d70        0xc CMakeFiles/uSDR.dir/home/frohro/Projects/pico/pico-sdk/src/rp2_common/pico_stdio_usb/reset_interface.c.obj
 .text.resetd_open
                0x0000000010004d7c       0x34 CMakeFiles/uSDR.dir/home/frohro/Projects/pico/pico-sdk/src/rp2_common/pico_stdio_usb/reset_interface.c.obj
 .text.resetd_xfer_cb
                0x0000000010004db0        0x4 CMakeFiles/uSDR.dir/home/frohro/Projects/pico/pico-sdk/src/rp2_common/pico_stdio_usb/reset_interface.c.obj
 .text.reset_usb_boot
                0x0000000010004db4       0x18 CMakeFiles/uSDR.dir/home/frohro/Projects/pico/pico-sdk/src/rp2_common/pico_stdio_usb/reset_interface.c.obj
 .text.resetd_control_xfer_cb
                0x0000000010004dcc       0x5c CMakeFiles/uSDR.dir/home/frohro/Projects/pico/pico-sdk/src/rp2_common/pico_stdio_usb/reset_interface.c.obj
 .text.usbd_app_driver_get_cb
                0x0000000010004e28        0xc CMakeFiles/uSDR.dir/home/frohro/Projects/pico/pico-sdk/src/rp2_common/pico_stdio_usb/reset_interface.c.obj
                0x0000000010004e28                usbd_app_driver_get_cb
 .text.tud_cdc_line_coding_cb
                0x0000000010004e34       0x28 CMakeFiles/uSDR.dir/home/frohro/Projects/pico/pico-sdk/src/rp2_common/pico_stdio_usb/reset_interface.c.obj
                0x0000000010004e34                tud_cdc_line_coding_cb
 .text.stdio_usb_in_chars
                0x0000000010004e5c       0x70 CMakeFiles/uSDR.dir/home/frohro/Projects/pico/pico-sdk/src/rp2_common/pico_stdio_usb/stdio_usb.c.obj
                0x0000000010004e5c                stdio_usb_in_chars
 .text.low_priority_worker_irq
                0x0000000010004ecc       0x20 CMakeFiles/uSDR.dir/home/frohro/Projects/pico/pico-sdk/src/rp2_common/pico_stdio_usb/stdio_usb.c.obj
 .text.stdio_usb_out_chars
                0x0000000010004eec       0xd4 CMakeFiles/uSDR.dir/home/frohro/Projects/pico/pico-sdk/src/rp2_common/pico_stdio_usb/stdio_usb.c.obj
 .text.timer_task
                0x0000000010004fc0       0x10 CMakeFiles/uSDR.dir/home/frohro/Projects/pico/pico-sdk/src/rp2_common/pico_stdio_usb/stdio_usb.c.obj
 .text.stdio_usb_init
                0x0000000010004fd0       0xb8 CMakeFiles/uSDR.dir/home/frohro/Projects/pico/pico-sdk/src/rp2_common/pico_stdio_usb/stdio_usb.c.obj
                0x0000000010004fd0                stdio_usb_init
 .text.tud_descriptor_device_cb
                0x0000000010005088        0x8 CMakeFiles/uSDR.dir/home/frohro/Projects/pico/pico-sdk/src/rp2_common/pico_stdio_usb/stdio_usb_descriptors.c.obj
                0x0000000010005088                tud_descriptor_device_cb
 .text.tud_descriptor_configuration_cb
                0x0000000010005090        0x8 CMakeFiles/uSDR.dir/home/frohro/Projects/pico/pico-sdk/src/rp2_common/pico_stdio_usb/stdio_usb_descriptors.c.obj
                0x0000000010005090                tud_descriptor_configuration_cb
 .text.tud_descriptor_string_cb
                0x0000000010005098       0x6c CMakeFiles/uSDR.dir/home/frohro/Projects/pico/pico-sdk/src/rp2_common/pico_stdio_usb/stdio_usb_descriptors.c.obj
                0x0000000010005098                tud_descriptor_string_cb
 .text.hw_endpoint_get_by_addr
                0x0000000010005104       0x18 CMakeFiles/uSDR.dir/home/frohro/Projects/pico/pico-sdk/lib/tinyusb/src/portable/raspberrypi/rp2040/dcd_rp2040.c.obj
 .text.reset_ep0_pid
                0x000000001000511c       0x28 CMakeFiles/uSDR.dir/home/frohro/Projects/pico/pico-sdk/lib/tinyusb/src/portable/raspberrypi/rp2040/dcd_rp2040.c.obj
 .text._hw_endpoint_alloc
                0x0000000010005144       0x70 CMakeFiles/uSDR.dir/home/frohro/Projects/pico/pico-sdk/lib/tinyusb/src/portable/raspberrypi/rp2040/dcd_rp2040.c.obj
 .text.hw_endpoint_init
                0x00000000100051b4       0x88 CMakeFiles/uSDR.dir/home/frohro/Projects/pico/pico-sdk/lib/tinyusb/src/portable/raspberrypi/rp2040/dcd_rp2040.c.obj
 .text.reset_non_control_endpoints
                0x000000001000523c       0x40 CMakeFiles/uSDR.dir/home/frohro/Projects/pico/pico-sdk/lib/tinyusb/src/portable/raspberrypi/rp2040/dcd_rp2040.c.obj
 .text.hw_handle_buff_status
                0x000000001000527c       0x8c CMakeFiles/uSDR.dir/home/frohro/Projects/pico/pico-sdk/lib/tinyusb/src/portable/raspberrypi/rp2040/dcd_rp2040.c.obj
 .text.dcd_rp2040_irq
                0x0000000010005308       0xc0 CMakeFiles/uSDR.dir/home/frohro/Projects/pico/pico-sdk/lib/tinyusb/src/portable/raspberrypi/rp2040/dcd_rp2040.c.obj
 .text.hw_endpoint_xfer
                0x00000000100053c8       0x14 CMakeFiles/uSDR.dir/home/frohro/Projects/pico/pico-sdk/lib/tinyusb/src/portable/raspberrypi/rp2040/dcd_rp2040.c.obj
 .text.dcd_int_enable
                0x00000000100053dc       0x2c CMakeFiles/uSDR.dir/home/frohro/Projects/pico/pico-sdk/lib/tinyusb/src/portable/raspberrypi/rp2040/dcd_rp2040.c.obj
                0x00000000100053dc                dcd_int_enable
 .text.dcd_set_address
                0x0000000010005408       0x2c CMakeFiles/uSDR.dir/home/frohro/Projects/pico/pico-sdk/lib/tinyusb/src/portable/raspberrypi/rp2040/dcd_rp2040.c.obj
                0x0000000010005408                dcd_set_address
 .text.dcd_connect
                0x0000000010005434       0x10 CMakeFiles/uSDR.dir/home/frohro/Projects/pico/pico-sdk/lib/tinyusb/src/portable/raspberrypi/rp2040/dcd_rp2040.c.obj
                0x0000000010005434                dcd_connect
 .text.dcd_init
                0x0000000010005444       0x7c CMakeFiles/uSDR.dir/home/frohro/Projects/pico/pico-sdk/lib/tinyusb/src/portable/raspberrypi/rp2040/dcd_rp2040.c.obj
                0x0000000010005444                dcd_init
 .text.dcd_edpt0_status_complete
                0x00000000100054c0       0x1c CMakeFiles/uSDR.dir/home/frohro/Projects/pico/pico-sdk/lib/tinyusb/src/portable/raspberrypi/rp2040/dcd_rp2040.c.obj
                0x00000000100054c0                dcd_edpt0_status_complete
 .text.dcd_edpt_open
                0x00000000100054dc       0x40 CMakeFiles/uSDR.dir/home/frohro/Projects/pico/pico-sdk/lib/tinyusb/src/portable/raspberrypi/rp2040/dcd_rp2040.c.obj
                0x00000000100054dc                dcd_edpt_open
 .text.dcd_edpt_close_all
                0x000000001000551c        0x8 CMakeFiles/uSDR.dir/home/frohro/Projects/pico/pico-sdk/lib/tinyusb/src/portable/raspberrypi/rp2040/dcd_rp2040.c.obj
                0x000000001000551c                dcd_edpt_close_all
 .text.dcd_edpt_xfer
                0x0000000010005524       0x30 CMakeFiles/uSDR.dir/home/frohro/Projects/pico/pico-sdk/lib/tinyusb/src/portable/raspberrypi/rp2040/dcd_rp2040.c.obj
                0x0000000010005524                dcd_edpt_xfer
 .text.dcd_edpt_stall
                0x0000000010005554       0x2c CMakeFiles/uSDR.dir/home/frohro/Projects/pico/pico-sdk/lib/tinyusb/src/portable/raspberrypi/rp2040/dcd_rp2040.c.obj
                0x0000000010005554                dcd_edpt_stall
 .text.dcd_edpt_clear_stall
                0x0000000010005580       0x20 CMakeFiles/uSDR.dir/home/frohro/Projects/pico/pico-sdk/lib/tinyusb/src/portable/raspberrypi/rp2040/dcd_rp2040.c.obj
                0x0000000010005580                dcd_edpt_clear_stall
 .text.prepare_ep_buffer
                0x00000000100055a0       0x70 CMakeFiles/uSDR.dir/home/frohro/Projects/pico/pico-sdk/lib/tinyusb/src/portable/raspberrypi/rp2040/rp2040_usb.c.obj
 .text.sync_ep_buffer
                0x0000000010005610       0x7c CMakeFiles/uSDR.dir/home/frohro/Projects/pico/pico-sdk/lib/tinyusb/src/portable/raspberrypi/rp2040/rp2040_usb.c.obj
 .text._hw_endpoint_xfer_sync
                0x000000001000568c       0x28 CMakeFiles/uSDR.dir/home/frohro/Projects/pico/pico-sdk/lib/tinyusb/src/portable/raspberrypi/rp2040/rp2040_usb.c.obj
 .text.rp2040_usb_init
                0x00000000100056b4       0x4c CMakeFiles/uSDR.dir/home/frohro/Projects/pico/pico-sdk/lib/tinyusb/src/portable/raspberrypi/rp2040/rp2040_usb.c.obj
                0x00000000100056b4                rp2040_usb_init
 .text.hw_endpoint_reset_transfer
                0x0000000010005700        0xc CMakeFiles/uSDR.dir/home/frohro/Projects/pico/pico-sdk/lib/tinyusb/src/portable/raspberrypi/rp2040/rp2040_usb.c.obj
                0x0000000010005700                hw_endpoint_reset_transfer
 .text._hw_endpoint_buffer_control_update32
                0x000000001000570c       0x58 CMakeFiles/uSDR.dir/home/frohro/Projects/pico/pico-sdk/lib/tinyusb/src/portable/raspberrypi/rp2040/rp2040_usb.c.obj
                0x000000001000570c                _hw_endpoint_buffer_control_update32
 .text._hw_endpoint_start_next_buffer
                0x0000000010005764       0x74 CMakeFiles/uSDR.dir/home/frohro/Projects/pico/pico-sdk/lib/tinyusb/src/portable/raspberrypi/rp2040/rp2040_usb.c.obj
 .text.hw_endpoint_xfer_start
                0x00000000100057d8       0x48 CMakeFiles/uSDR.dir/home/frohro/Projects/pico/pico-sdk/lib/tinyusb/src/portable/raspberrypi/rp2040/rp2040_usb.c.obj
                0x00000000100057d8                hw_endpoint_xfer_start
 .text.hw_endpoint_xfer_continue
                0x0000000010005820       0x38 CMakeFiles/uSDR.dir/home/frohro/Projects/pico/pico-sdk/lib/tinyusb/src/portable/raspberrypi/rp2040/rp2040_usb.c.obj
                0x0000000010005820                hw_endpoint_xfer_continue
 .text.configuration_reset
                0x0000000010005858       0x84 CMakeFiles/uSDR.dir/home/frohro/Projects/pico/pico-sdk/lib/tinyusb/src/device/usbd.c.obj
 .text.usbd_reset
                0x00000000100058dc        0xc CMakeFiles/uSDR.dir/home/frohro/Projects/pico/pico-sdk/lib/tinyusb/src/device/usbd.c.obj
 .text.invoke_class_control
                0x00000000100058e8       0x1a CMakeFiles/uSDR.dir/home/frohro/Projects/pico/pico-sdk/lib/tinyusb/src/device/usbd.c.obj
 *fill*         0x0000000010005902        0x2 
 .text.process_set_config
                0x0000000010005904      0x1b0 CMakeFiles/uSDR.dir/home/frohro/Projects/pico/pico-sdk/lib/tinyusb/src/device/usbd.c.obj
 .text.process_get_descriptor
                0x0000000010005ab4       0xec CMakeFiles/uSDR.dir/home/frohro/Projects/pico/pico-sdk/lib/tinyusb/src/device/usbd.c.obj
 .text.tud_mounted
                0x0000000010005ba0       0x10 CMakeFiles/uSDR.dir/home/frohro/Projects/pico/pico-sdk/lib/tinyusb/src/device/usbd.c.obj
                0x0000000010005ba0                tud_mounted
 .text.tud_suspended
                0x0000000010005bb0       0x10 CMakeFiles/uSDR.dir/home/frohro/Projects/pico/pico-sdk/lib/tinyusb/src/device/usbd.c.obj
                0x0000000010005bb0                tud_suspended
 .text.tud_inited
                0x0000000010005bc0        0xc CMakeFiles/uSDR.dir/home/frohro/Projects/pico/pico-sdk/lib/tinyusb/src/device/usbd.c.obj
                0x0000000010005bc0                tud_inited
 .text.tud_init
                0x0000000010005bcc       0xcc CMakeFiles/uSDR.dir/home/frohro/Projects/pico/pico-sdk/lib/tinyusb/src/device/usbd.c.obj
                0x0000000010005bcc                tud_init
 .text.dcd_event_handler
                0x0000000010005c98      0x1e0 CMakeFiles/uSDR.dir/home/frohro/Projects/pico/pico-sdk/lib/tinyusb/src/device/usbd.c.obj
                0x0000000010005c98                dcd_event_handler
 .text.dcd_event_bus_signal
                0x0000000010005e78       0x26 CMakeFiles/uSDR.dir/home/frohro/Projects/pico/pico-sdk/lib/tinyusb/src/device/usbd.c.obj
                0x0000000010005e78                dcd_event_bus_signal
 .text.dcd_event_bus_reset
                0x0000000010005e9e       0x2a CMakeFiles/uSDR.dir/home/frohro/Projects/pico/pico-sdk/lib/tinyusb/src/device/usbd.c.obj
                0x0000000010005e9e                dcd_event_bus_reset
 .text.dcd_event_setup_received
                0x0000000010005ec8       0x34 CMakeFiles/uSDR.dir/home/frohro/Projects/pico/pico-sdk/lib/tinyusb/src/device/usbd.c.obj
                0x0000000010005ec8                dcd_event_setup_received
 .text.dcd_event_xfer_complete
                0x0000000010005efc       0x44 CMakeFiles/uSDR.dir/home/frohro/Projects/pico/pico-sdk/lib/tinyusb/src/device/usbd.c.obj
                0x0000000010005efc                dcd_event_xfer_complete
 .text.usbd_edpt_open
                0x0000000010005f40       0x58 CMakeFiles/uSDR.dir/home/frohro/Projects/pico/pico-sdk/lib/tinyusb/src/device/usbd.c.obj
                0x0000000010005f40                usbd_edpt_open
 .text.usbd_open_edpt_pair
                0x0000000010005f98       0x8c CMakeFiles/uSDR.dir/home/frohro/Projects/pico/pico-sdk/lib/tinyusb/src/device/usbd.c.obj
                0x0000000010005f98                usbd_open_edpt_pair
 .text.usbd_edpt_claim
                0x0000000010006024       0x8c CMakeFiles/uSDR.dir/home/frohro/Projects/pico/pico-sdk/lib/tinyusb/src/device/usbd.c.obj
                0x0000000010006024                usbd_edpt_claim
 .text.usbd_edpt_release
                0x00000000100060b0       0x68 CMakeFiles/uSDR.dir/home/frohro/Projects/pico/pico-sdk/lib/tinyusb/src/device/usbd.c.obj
                0x00000000100060b0                usbd_edpt_release
 .text.usbd_edpt_xfer
                0x0000000010006118       0x80 CMakeFiles/uSDR.dir/home/frohro/Projects/pico/pico-sdk/lib/tinyusb/src/device/usbd.c.obj
                0x0000000010006118                usbd_edpt_xfer
 .text.usbd_edpt_stall
                0x0000000010006198       0x40 CMakeFiles/uSDR.dir/home/frohro/Projects/pico/pico-sdk/lib/tinyusb/src/device/usbd.c.obj
                0x0000000010006198                usbd_edpt_stall
 .text.usbd_edpt_clear_stall
                0x00000000100061d8       0x40 CMakeFiles/uSDR.dir/home/frohro/Projects/pico/pico-sdk/lib/tinyusb/src/device/usbd.c.obj
                0x00000000100061d8                usbd_edpt_clear_stall
 .text.usbd_edpt_stalled
                0x0000000010006218       0x1c CMakeFiles/uSDR.dir/home/frohro/Projects/pico/pico-sdk/lib/tinyusb/src/device/usbd.c.obj
                0x0000000010006218                usbd_edpt_stalled
 .text.process_control_request
                0x0000000010006234      0x3b8 CMakeFiles/uSDR.dir/home/frohro/Projects/pico/pico-sdk/lib/tinyusb/src/device/usbd.c.obj
 .text.tud_task
                0x00000000100065ec      0x218 CMakeFiles/uSDR.dir/home/frohro/Projects/pico/pico-sdk/lib/tinyusb/src/device/usbd.c.obj
                0x00000000100065ec                tud_task
 .text._data_stage_xact
                0x0000000010006804       0x58 CMakeFiles/uSDR.dir/home/frohro/Projects/pico/pico-sdk/lib/tinyusb/src/device/usbd_control.c.obj
 .text.tud_control_status
                0x000000001000685c       0x38 CMakeFiles/uSDR.dir/home/frohro/Projects/pico/pico-sdk/lib/tinyusb/src/device/usbd_control.c.obj
                0x000000001000685c                tud_control_status
 .text.tud_control_xfer
                0x0000000010006894       0xa8 CMakeFiles/uSDR.dir/home/frohro/Projects/pico/pico-sdk/lib/tinyusb/src/device/usbd_control.c.obj
                0x0000000010006894                tud_control_xfer
 .text.usbd_control_reset
                0x000000001000693c       0x14 CMakeFiles/uSDR.dir/home/frohro/Projects/pico/pico-sdk/lib/tinyusb/src/device/usbd_control.c.obj
                0x000000001000693c                usbd_control_reset
 .text.usbd_control_set_complete_callback
                0x0000000010006950        0xc CMakeFiles/uSDR.dir/home/frohro/Projects/pico/pico-sdk/lib/tinyusb/src/device/usbd_control.c.obj
                0x0000000010006950                usbd_control_set_complete_callback
 .text.usbd_control_set_request
                0x000000001000695c       0x1c CMakeFiles/uSDR.dir/home/frohro/Projects/pico/pico-sdk/lib/tinyusb/src/device/usbd_control.c.obj
                0x000000001000695c                usbd_control_set_request
 .text.usbd_control_xfer_cb
                0x0000000010006978       0xfc CMakeFiles/uSDR.dir/home/frohro/Projects/pico/pico-sdk/lib/tinyusb/src/device/usbd_control.c.obj
                0x0000000010006978                usbd_control_xfer_cb
 .text._prep_out_transaction
                0x0000000010006a74       0x46 CMakeFiles/uSDR.dir/home/frohro/Projects/pico/pico-sdk/lib/tinyusb/src/class/cdc/cdc_device.c.obj
 *fill*         0x0000000010006aba        0x2 
 .text.tud_cdc_n_connected
                0x0000000010006abc       0x44 CMakeFiles/uSDR.dir/home/frohro/Projects/pico/pico-sdk/lib/tinyusb/src/class/cdc/cdc_device.c.obj
                0x0000000010006abc                tud_cdc_n_connected
 .text.tud_cdc_n_available
                0x0000000010006b00       0x18 CMakeFiles/uSDR.dir/home/frohro/Projects/pico/pico-sdk/lib/tinyusb/src/class/cdc/cdc_device.c.obj
                0x0000000010006b00                tud_cdc_n_available
 .text.tud_cdc_n_read
                0x0000000010006b18       0x28 CMakeFiles/uSDR.dir/home/frohro/Projects/pico/pico-sdk/lib/tinyusb/src/class/cdc/cdc_device.c.obj
                0x0000000010006b18                tud_cdc_n_read
 .text.tud_cdc_n_write_flush
                0x0000000010006b40       0xcc CMakeFiles/uSDR.dir/home/frohro/Projects/pico/pico-sdk/lib/tinyusb/src/class/cdc/cdc_device.c.obj
                0x0000000010006b40                tud_cdc_n_write_flush
 .text.tud_cdc_n_write
                0x0000000010006c0c       0x38 CMakeFiles/uSDR.dir/home/frohro/Projects/pico/pico-sdk/lib/tinyusb/src/class/cdc/cdc_device.c.obj
                0x0000000010006c0c                tud_cdc_n_write
 .text.tud_cdc_n_write_available
                0x0000000010006c44       0x1c CMakeFiles/uSDR.dir/home/frohro/Projects/pico/pico-sdk/lib/tinyusb/src/class/cdc/cdc_device.c.obj
                0x0000000010006c44                tud_cdc_n_write_available
 .text.cdcd_init
                0x0000000010006c60       0xbc CMakeFiles/uSDR.dir/home/frohro/Projects/pico/pico-sdk/lib/tinyusb/src/class/cdc/cdc_device.c.obj
                0x0000000010006c60                cdcd_init
 .text.cdcd_reset
                0x0000000010006d1c       0x44 CMakeFiles/uSDR.dir/home/frohro/Projects/pico/pico-sdk/lib/tinyusb/src/class/cdc/cdc_device.c.obj
                0x0000000010006d1c                cdcd_reset
 .text.cdcd_open
                0x0000000010006d60       0xf8 CMakeFiles/uSDR.dir/home/frohro/Projects/pico/pico-sdk/lib/tinyusb/src/class/cdc/cdc_device.c.obj
                0x0000000010006d60                cdcd_open
 .text.cdcd_control_xfer_cb
                0x0000000010006e58      0x134 CMakeFiles/uSDR.dir/home/frohro/Projects/pico/pico-sdk/lib/tinyusb/src/class/cdc/cdc_device.c.obj
                0x0000000010006e58                cdcd_control_xfer_cb
 .text.cdcd_xfer_cb
                0x0000000010006f8c      0x144 CMakeFiles/uSDR.dir/home/frohro/Projects/pico/pico-sdk/lib/tinyusb/src/class/cdc/cdc_device.c.obj
                0x0000000010006f8c                cdcd_xfer_cb
 .text.tusb_init
                0x00000000100070d0       0x24 CMakeFiles/uSDR.dir/home/frohro/Projects/pico/pico-sdk/lib/tinyusb/src/tusb.c.obj
                0x00000000100070d0                tusb_init
 .text.tusb_inited
                0x00000000100070f4        0xe CMakeFiles/uSDR.dir/home/frohro/Projects/pico/pico-sdk/lib/tinyusb/src/tusb.c.obj
                0x00000000100070f4                tusb_inited
 *fill*         0x0000000010007102        0x2 
 .text.tu_edpt_validate
                0x0000000010007104       0xa8 CMakeFiles/uSDR.dir/home/frohro/Projects/pico/pico-sdk/lib/tinyusb/src/tusb.c.obj
                0x0000000010007104                tu_edpt_validate
 .text.tu_edpt_bind_driver
                0x00000000100071ac       0x2a CMakeFiles/uSDR.dir/home/frohro/Projects/pico/pico-sdk/lib/tinyusb/src/tusb.c.obj
                0x00000000100071ac                tu_edpt_bind_driver
 .text.advance_pointer
                0x00000000100071d6       0x18 CMakeFiles/uSDR.dir/home/frohro/Projects/pico/pico-sdk/lib/tinyusb/src/common/tusb_fifo.c.obj
 .text.backward_pointer
                0x00000000100071ee       0x1e CMakeFiles/uSDR.dir/home/frohro/Projects/pico/pico-sdk/lib/tinyusb/src/common/tusb_fifo.c.obj
 .text.get_relative_pointer
                0x000000001000720c       0x10 CMakeFiles/uSDR.dir/home/frohro/Projects/pico/pico-sdk/lib/tinyusb/src/common/tusb_fifo.c.obj
 .text._tu_fifo_peek
                0x000000001000721c       0x50 CMakeFiles/uSDR.dir/home/frohro/Projects/pico/pico-sdk/lib/tinyusb/src/common/tusb_fifo.c.obj
 .text._ff_pull_const_addr
                0x000000001000726c       0x4c CMakeFiles/uSDR.dir/home/frohro/Projects/pico/pico-sdk/lib/tinyusb/src/common/tusb_fifo.c.obj
 .text._ff_pull_n
                0x00000000100072b8      0x10c CMakeFiles/uSDR.dir/home/frohro/Projects/pico/pico-sdk/lib/tinyusb/src/common/tusb_fifo.c.obj
 .text._tu_fifo_peek_n
                0x00000000100073c4       0x5e CMakeFiles/uSDR.dir/home/frohro/Projects/pico/pico-sdk/lib/tinyusb/src/common/tusb_fifo.c.obj
 .text._tu_fifo_read_n
                0x0000000010007422       0x4e CMakeFiles/uSDR.dir/home/frohro/Projects/pico/pico-sdk/lib/tinyusb/src/common/tusb_fifo.c.obj
 .text._ff_push_const_addr
                0x0000000010007470       0x40 CMakeFiles/uSDR.dir/home/frohro/Projects/pico/pico-sdk/lib/tinyusb/src/common/tusb_fifo.c.obj
 .text._ff_push_n
                0x00000000100074b0      0x108 CMakeFiles/uSDR.dir/home/frohro/Projects/pico/pico-sdk/lib/tinyusb/src/common/tusb_fifo.c.obj
 .text._tu_fifo_write_n
                0x00000000100075b8       0x9e CMakeFiles/uSDR.dir/home/frohro/Projects/pico/pico-sdk/lib/tinyusb/src/common/tusb_fifo.c.obj
 .text.tu_fifo_config
                0x0000000010007656       0x72 CMakeFiles/uSDR.dir/home/frohro/Projects/pico/pico-sdk/lib/tinyusb/src/common/tusb_fifo.c.obj
                0x0000000010007656                tu_fifo_config
 .text.tu_fifo_count
                0x00000000100076c8       0x26 CMakeFiles/uSDR.dir/home/frohro/Projects/pico/pico-sdk/lib/tinyusb/src/common/tusb_fifo.c.obj
                0x00000000100076c8                tu_fifo_count
 .text.tu_fifo_empty
                0x00000000100076ee       0x10 CMakeFiles/uSDR.dir/home/frohro/Projects/pico/pico-sdk/lib/tinyusb/src/common/tusb_fifo.c.obj
                0x00000000100076ee                tu_fifo_empty
 .text.tu_fifo_remaining
                0x00000000100076fe       0x20 CMakeFiles/uSDR.dir/home/frohro/Projects/pico/pico-sdk/lib/tinyusb/src/common/tusb_fifo.c.obj
                0x00000000100076fe                tu_fifo_remaining
 .text.tu_fifo_read
                0x000000001000771e       0x42 CMakeFiles/uSDR.dir/home/frohro/Projects/pico/pico-sdk/lib/tinyusb/src/common/tusb_fifo.c.obj
                0x000000001000771e                tu_fifo_read
 .text.tu_fifo_read_n
                0x0000000010007760        0xa CMakeFiles/uSDR.dir/home/frohro/Projects/pico/pico-sdk/lib/tinyusb/src/common/tusb_fifo.c.obj
                0x0000000010007760                tu_fifo_read_n
 .text.tu_fifo_write
                0x000000001000776a       0x6c CMakeFiles/uSDR.dir/home/frohro/Projects/pico/pico-sdk/lib/tinyusb/src/common/tusb_fifo.c.obj
                0x000000001000776a                tu_fifo_write
 .text.tu_fifo_write_n
                0x00000000100077d6        0xa CMakeFiles/uSDR.dir/home/frohro/Projects/pico/pico-sdk/lib/tinyusb/src/common/tusb_fifo.c.obj
                0x00000000100077d6                tu_fifo_write_n
 .text.tu_fifo_clear
                0x00000000100077e0       0x4c CMakeFiles/uSDR.dir/home/frohro/Projects/pico/pico-sdk/lib/tinyusb/src/common/tusb_fifo.c.obj
                0x00000000100077e0                tu_fifo_clear
 .text.tu_fifo_set_overwritable
                0x000000001000782c       0x3c CMakeFiles/uSDR.dir/home/frohro/Projects/pico/pico-sdk/lib/tinyusb/src/common/tusb_fifo.c.obj
                0x000000001000782c                tu_fifo_set_overwritable
 .text._retrieve_unique_id_on_boot
                0x0000000010007868       0x10 CMakeFiles/uSDR.dir/home/frohro/Projects/pico/pico-sdk/src/rp2_common/pico_unique_id/unique_id.c.obj
 .text.pico_get_unique_board_id_string
                0x0000000010007878       0x60 CMakeFiles/uSDR.dir/home/frohro/Projects/pico/pico-sdk/src/rp2_common/pico_unique_id/unique_id.c.obj
                0x0000000010007878                pico_get_unique_board_id_string
 .text.flash_get_unique_id
                0x00000000100078d8       0x46 CMakeFiles/uSDR.dir/home/frohro/Projects/pico/pico-sdk/src/rp2_common/hardware_flash/flash.c.obj
                0x00000000100078d8                flash_get_unique_id
 .text.i2c_write_blocking_internal
                0x000000001000791e      0x140 CMakeFiles/uSDR.dir/home/frohro/Projects/pico/pico-sdk/src/rp2_common/hardware_i2c/i2c.c.obj
 *fill*         0x0000000010007a5e        0x2 
 .text.i2c_set_baudrate
                0x0000000010007a60       0xf0 CMakeFiles/uSDR.dir/home/frohro/Projects/pico/pico-sdk/src/rp2_common/hardware_i2c/i2c.c.obj
                0x0000000010007a60                i2c_set_baudrate
 .text.i2c_init
                0x0000000010007b50       0x58 CMakeFiles/uSDR.dir/home/frohro/Projects/pico/pico-sdk/src/rp2_common/hardware_i2c/i2c.c.obj
                0x0000000010007b50                i2c_init
 .text.i2c_write_blocking
                0x0000000010007ba8       0x18 CMakeFiles/uSDR.dir/home/frohro/Projects/pico/pico-sdk/src/rp2_common/hardware_i2c/i2c.c.obj
                0x0000000010007ba8                i2c_write_blocking
 .text          0x0000000010007bc0       0xc0 /usr/lib/gcc/arm-none-eabi/10.3.1/../../../arm-none-eabi/lib/thumb/v6-m/nofp/libg.a(lib_a-strchr.o)
                0x0000000010007bc0                strchr
 .text          0x0000000010007c80       0x5c /usr/lib/gcc/arm-none-eabi/10.3.1/../../../arm-none-eabi/lib/thumb/v6-m/nofp/libg.a(lib_a-strlen-stub.o)
                0x0000000010007c80                strlen
 .text          0x0000000010007cdc      0x3fc /usr/lib/gcc/arm-none-eabi/10.3.1/../../../arm-none-eabi/lib/thumb/v6-m/nofp/libg.a(lib_a-strstr.o)
                0x0000000010007f64                strstr
 .text          0x00000000100080d8      0x180 /usr/lib/gcc/arm-none-eabi/10.3.1/../../../arm-none-eabi/lib/thumb/v6-m/nofp/libg.a(lib_a-strtoul.o)
                0x0000000010008220                _strtoul_r
                0x0000000010008228                strtoul_l
                0x0000000010008240                strtoul
 .text          0x0000000010008258       0x48 /usr/lib/gcc/arm-none-eabi/10.3.1/../../../arm-none-eabi/lib/thumb/v6-m/nofp/libg.a(lib_a-memcmp.o)
                0x0000000010008258                memcmp
 .text          0x00000000100082a0       0x24 /usr/lib/gcc/arm-none-eabi/10.3.1/../../../arm-none-eabi/lib/thumb/v6-m/nofp/libg.a(lib_a-strnlen.o)
                0x00000000100082a0                strnlen
 *(.fini)
 .fini          0x00000000100082c4        0x4 /usr/lib/gcc/arm-none-eabi/10.3.1/thumb/v6-m/nofp/crti.o
                0x00000000100082c4                _fini
 .fini.__stub   0x00000000100082c8       0x70 linker stubs
 *crtbegin.o(.ctors)
 *crtbegin?.o(.ctors)
 *(EXCLUDE_FILE(*crtend.o *crtend?.o) .ctors)
 *(SORT_BY_NAME(.ctors.*))
 *(.ctors)
 *crtbegin.o(.dtors)
 *crtbegin?.o(.dtors)
 *(EXCLUDE_FILE(*crtend.o *crtend?.o) .dtors)
 *(SORT_BY_NAME(.dtors.*))
 *(.dtors)
 *(.eh_frame*)
 .eh_frame      0x0000000010008338        0x0 /usr/lib/gcc/arm-none-eabi/10.3.1/thumb/v6-m/nofp/crtbegin.o
                0x0000000010008338                . = ALIGN (0x4)

.glue_7         0x0000000010008338        0x0
 .glue_7        0x0000000010008338        0x0 linker stubs

.glue_7t        0x0000000010008338        0x0
 .glue_7t       0x0000000010008338        0x0 linker stubs

.vfp11_veneer   0x0000000010008338        0x0
 .vfp11_veneer  0x0000000010008338        0x0 linker stubs

.v4_bx          0x0000000010008338        0x0
 .v4_bx         0x0000000010008338        0x0 linker stubs

.iplt           0x0000000010008338        0x0
 .iplt          0x0000000010008338        0x0 /usr/lib/gcc/arm-none-eabi/10.3.1/thumb/v6-m/nofp/crtbegin.o

.rodata         0x0000000010008338     0x191c
 *(EXCLUDE_FILE(*libm.a: *libc.a:*lib_a-mem*.o *libgcc.a:) .rodata*)
 .rodata.__bi_95.0
                0x0000000010008338        0x8 CMakeFiles/uSDR.dir/uSDR.c.obj
 .rodata.mon_init.str1.4
                0x0000000010008340       0x47 CMakeFiles/uSDR.dir/monitor.c.obj
 *fill*         0x0000000010008387        0x1 
 .rodata.parseFreq.str1.4
                0x0000000010008388        0xd CMakeFiles/uSDR.dir/commands.c.obj
 *fill*         0x0000000010008395        0x3 
 .rodata.parseCommand.str1.4
                0x0000000010008398       0x61 CMakeFiles/uSDR.dir/commands.c.obj
 *fill*         0x00000000100083f9        0x3 
 .rodata.command_get.str1.4
                0x00000000100083fc        0xa CMakeFiles/uSDR.dir/commands.c.obj
 *fill*         0x0000000010008406        0x2 
 .rodata.spin_lock_claim_unused.str1.4
                0x0000000010008408       0x1b CMakeFiles/uSDR.dir/home/frohro/Projects/pico/pico-sdk/src/rp2_common/hardware_sync/sync.c.obj
 *fill*         0x0000000010008423        0x1 
 .rodata.repeating_timer_callback.str1.4
                0x0000000010008424       0x54 CMakeFiles/uSDR.dir/home/frohro/Projects/pico/pico-sdk/src/common/pico_time/time.c.obj
 .rodata.alarm_pool_dump_key.str1.4
                0x0000000010008478       0x33 CMakeFiles/uSDR.dir/home/frohro/Projects/pico/pico-sdk/src/common/pico_time/time.c.obj
 *fill*         0x00000000100084ab        0x1 
 .rodata.ph_add_child_node.str1.4
                0x00000000100084ac       0x9e CMakeFiles/uSDR.dir/home/frohro/Projects/pico/pico-sdk/src/common/pico_time/time.c.obj
 *fill*         0x000000001000854a        0x2 
 .rodata.add_alarm_under_lock.str1.4
                0x000000001000854c       0x28 CMakeFiles/uSDR.dir/home/frohro/Projects/pico/pico-sdk/src/common/pico_time/time.c.obj
                                         0x2b (size before relaxing)
 .rodata.alarm_pool_alarm_callback.str1.4
                0x0000000010008574       0xee CMakeFiles/uSDR.dir/home/frohro/Projects/pico/pico-sdk/src/common/pico_time/time.c.obj
 *fill*         0x0000000010008662        0x2 
 .rodata.alarm_pool_get_default.str1.4
                0x0000000010008664       0x21 CMakeFiles/uSDR.dir/home/frohro/Projects/pico/pico-sdk/src/common/pico_time/time.c.obj
 *fill*         0x0000000010008685        0x3 
 .rodata.alarm_pool_cancel_alarm.str1.4
                0x0000000010008688       0x27 CMakeFiles/uSDR.dir/home/frohro/Projects/pico/pico-sdk/src/common/pico_time/time.c.obj
 *fill*         0x00000000100086af        0x1 
 .rodata.__func__.0
                0x00000000100086b0       0x19 CMakeFiles/uSDR.dir/home/frohro/Projects/pico/pico-sdk/src/common/pico_time/time.c.obj
 *fill*         0x00000000100086c9        0x3 
 .rodata.__func__.1
                0x00000000100086cc       0x18 CMakeFiles/uSDR.dir/home/frohro/Projects/pico/pico-sdk/src/common/pico_time/time.c.obj
 .rodata.__func__.10
                0x00000000100086e4       0x15 CMakeFiles/uSDR.dir/home/frohro/Projects/pico/pico-sdk/src/common/pico_time/time.c.obj
 *fill*         0x00000000100086f9        0x3 
 .rodata.__func__.11
                0x00000000100086fc       0x1a CMakeFiles/uSDR.dir/home/frohro/Projects/pico/pico-sdk/src/common/pico_time/time.c.obj
 *fill*         0x0000000010008716        0x2 
 .rodata.__func__.12
                0x0000000010008718        0xa CMakeFiles/uSDR.dir/home/frohro/Projects/pico/pico-sdk/src/common/pico_time/time.c.obj
 *fill*         0x0000000010008722        0x2 
 .rodata.__func__.3
                0x0000000010008724       0x17 CMakeFiles/uSDR.dir/home/frohro/Projects/pico/pico-sdk/src/common/pico_time/time.c.obj
 *fill*         0x000000001000873b        0x1 
 .rodata.__func__.4
                0x000000001000873c       0x12 CMakeFiles/uSDR.dir/home/frohro/Projects/pico/pico-sdk/src/common/pico_time/time.c.obj
 *fill*         0x000000001000874e        0x2 
 .rodata.__func__.5
                0x0000000010008750        0xd CMakeFiles/uSDR.dir/home/frohro/Projects/pico/pico-sdk/src/common/pico_time/time.c.obj
 *fill*         0x000000001000875d        0x3 
 .rodata.__func__.6
                0x0000000010008760       0x12 CMakeFiles/uSDR.dir/home/frohro/Projects/pico/pico-sdk/src/common/pico_time/time.c.obj
 *fill*         0x0000000010008772        0x2 
 .rodata.__func__.7
                0x0000000010008774        0xf CMakeFiles/uSDR.dir/home/frohro/Projects/pico/pico-sdk/src/common/pico_time/time.c.obj
 *fill*         0x0000000010008783        0x1 
 .rodata.__func__.8
                0x0000000010008784        0xc CMakeFiles/uSDR.dir/home/frohro/Projects/pico/pico-sdk/src/common/pico_time/time.c.obj
 .rodata.__func__.9
                0x0000000010008790       0x15 CMakeFiles/uSDR.dir/home/frohro/Projects/pico/pico-sdk/src/common/pico_time/time.c.obj
 *fill*         0x00000000100087a5        0x3 
 .rodata.hardware_alarm_claim.str1.4
                0x00000000100087a8       0x22 CMakeFiles/uSDR.dir/home/frohro/Projects/pico/pico-sdk/src/rp2_common/hardware_timer/timer.c.obj
 .rodata.busy_wait_us.str1.4
                0x00000000100087ca       0x6a CMakeFiles/uSDR.dir/home/frohro/Projects/pico/pico-sdk/src/rp2_common/hardware_timer/timer.c.obj
 *fill*         0x00000000100087ca        0x2 
 .rodata.hardware_alarm_set_target.str1.4
                0x00000000100087cc       0x6e CMakeFiles/uSDR.dir/home/frohro/Projects/pico/pico-sdk/src/rp2_common/hardware_timer/timer.c.obj
 *fill*         0x000000001000883a        0x2 
 .rodata.__func__.0
                0x000000001000883c       0x1a CMakeFiles/uSDR.dir/home/frohro/Projects/pico/pico-sdk/src/rp2_common/hardware_timer/timer.c.obj
 *fill*         0x0000000010008856        0x2 
 .rodata.__func__.1
                0x0000000010008858       0x15 CMakeFiles/uSDR.dir/home/frohro/Projects/pico/pico-sdk/src/rp2_common/hardware_timer/timer.c.obj
 *fill*         0x000000001000886d        0x3 
 .rodata.str1.4
                0x0000000010008870       0x95 CMakeFiles/uSDR.dir/home/frohro/Projects/pico/pico-sdk/src/common/pico_sync/mutex.c.obj
                                        0x101 (size before relaxing)
 *fill*         0x0000000010008905        0x3 
 .rodata.__func__.1
                0x0000000010008908        0xb CMakeFiles/uSDR.dir/home/frohro/Projects/pico/pico-sdk/src/common/pico_sync/mutex.c.obj
 *fill*         0x0000000010008913        0x1 
 .rodata.__func__.3
                0x0000000010008914       0x18 CMakeFiles/uSDR.dir/home/frohro/Projects/pico/pico-sdk/src/common/pico_sync/mutex.c.obj
 .rodata.__func__.4
                0x000000001000892c       0x15 CMakeFiles/uSDR.dir/home/frohro/Projects/pico/pico-sdk/src/common/pico_sync/mutex.c.obj
 .rodata.ph_add_child_node.str1.4
                0x0000000010008941       0x9e CMakeFiles/uSDR.dir/home/frohro/Projects/pico/pico-sdk/src/common/pico_util/pheap.c.obj
 *fill*         0x0000000010008941        0x3 
 .rodata.ph_remove_any_head.str1.4
                0x0000000010008944       0x98 CMakeFiles/uSDR.dir/home/frohro/Projects/pico/pico-sdk/src/common/pico_util/pheap.c.obj
 .rodata.ph_remove_and_free_node.str1.4
                0x00000000100089dc       0x26 CMakeFiles/uSDR.dir/home/frohro/Projects/pico/pico-sdk/src/common/pico_util/pheap.c.obj
 *fill*         0x0000000010008a02        0x2 
 .rodata.__func__.0
                0x0000000010008a04       0x18 CMakeFiles/uSDR.dir/home/frohro/Projects/pico/pico-sdk/src/common/pico_util/pheap.c.obj
 .rodata.__func__.1
                0x0000000010008a1c       0x13 CMakeFiles/uSDR.dir/home/frohro/Projects/pico/pico-sdk/src/common/pico_util/pheap.c.obj
 *fill*         0x0000000010008a2f        0x1 
 .rodata.__func__.2
                0x0000000010008a30       0x12 CMakeFiles/uSDR.dir/home/frohro/Projects/pico/pico-sdk/src/common/pico_util/pheap.c.obj
 *fill*         0x0000000010008a42        0x2 
 .rodata.__func__.3
                0x0000000010008a44        0xc CMakeFiles/uSDR.dir/home/frohro/Projects/pico/pico-sdk/src/common/pico_util/pheap.c.obj
 .rodata.__assert_func.str1.4
                0x0000000010008a50       0x3f CMakeFiles/uSDR.dir/home/frohro/Projects/pico/pico-sdk/src/rp2_common/pico_runtime/runtime.c.obj
                                         0x43 (size before relaxing)
 *fill*         0x0000000010008a8f        0x1 
 .rodata.runtime_init.str1.4
                0x0000000010008a90       0x6a CMakeFiles/uSDR.dir/home/frohro/Projects/pico/pico-sdk/src/rp2_common/pico_runtime/runtime.c.obj
 *fill*         0x0000000010008afa        0x2 
 .rodata.panic.str1.4
                0x0000000010008afc       0x12 CMakeFiles/uSDR.dir/home/frohro/Projects/pico/pico-sdk/src/rp2_common/pico_runtime/runtime.c.obj
 *fill*         0x0000000010008b0e        0x2 
 .rodata.__func__.1
                0x0000000010008b10        0xd CMakeFiles/uSDR.dir/home/frohro/Projects/pico/pico-sdk/src/rp2_common/pico_runtime/runtime.c.obj
 *fill*         0x0000000010008b1d        0x3 
 .rodata.clock_configure.str1.4
                0x0000000010008b20       0x60 CMakeFiles/uSDR.dir/home/frohro/Projects/pico/pico-sdk/src/rp2_common/hardware_clocks/clocks.c.obj
 .rodata.__func__.1
                0x0000000010008b80       0x10 CMakeFiles/uSDR.dir/home/frohro/Projects/pico/pico-sdk/src/rp2_common/hardware_clocks/clocks.c.obj
 .rodata.make_branch.str1.4
                0x0000000010008b90       0x76 CMakeFiles/uSDR.dir/home/frohro/Projects/pico/pico-sdk/src/rp2_common/hardware_irq/irq.c.obj
 *fill*         0x0000000010008c06        0x2 
 .rodata.insert_branch_and_link.str1.4
                0x0000000010008c08       0x10 CMakeFiles/uSDR.dir/home/frohro/Projects/pico/pico-sdk/src/rp2_common/hardware_irq/irq.c.obj
 .rodata.irq_set_exclusive_handler.str1.4
                0x0000000010008c18       0x36 CMakeFiles/uSDR.dir/home/frohro/Projects/pico/pico-sdk/src/rp2_common/hardware_irq/irq.c.obj
 *fill*         0x0000000010008c4e        0x2 
 .rodata.irq_add_shared_handler.str1.4
                0x0000000010008c50       0xd9 CMakeFiles/uSDR.dir/home/frohro/Projects/pico/pico-sdk/src/rp2_common/hardware_irq/irq.c.obj
 *fill*         0x0000000010008d29        0x3 
 .rodata.irq_remove_handler.str1.4
                0x0000000010008d2c       0x2a CMakeFiles/uSDR.dir/home/frohro/Projects/pico/pico-sdk/src/rp2_common/hardware_irq/irq.c.obj
 *fill*         0x0000000010008d56        0x2 
 .rodata.irq_add_tail_to_free_list.str1.4
                0x0000000010008d58       0x32 CMakeFiles/uSDR.dir/home/frohro/Projects/pico/pico-sdk/src/rp2_common/hardware_irq/irq.c.obj
                                         0x3a (size before relaxing)
 *fill*         0x0000000010008d8a        0x2 
 .rodata.__func__.0
                0x0000000010008d8c       0x1a CMakeFiles/uSDR.dir/home/frohro/Projects/pico/pico-sdk/src/rp2_common/hardware_irq/irq.c.obj
 *fill*         0x0000000010008da6        0x2 
 .rodata.__func__.1
                0x0000000010008da8       0x17 CMakeFiles/uSDR.dir/home/frohro/Projects/pico/pico-sdk/src/rp2_common/hardware_irq/irq.c.obj
 *fill*         0x0000000010008dbf        0x1 
 .rodata.__func__.2
                0x0000000010008dc0       0x13 CMakeFiles/uSDR.dir/home/frohro/Projects/pico/pico-sdk/src/rp2_common/hardware_irq/irq.c.obj
 *fill*         0x0000000010008dd3        0x1 
 .rodata.__func__.3
                0x0000000010008dd4        0xc CMakeFiles/uSDR.dir/home/frohro/Projects/pico/pico-sdk/src/rp2_common/hardware_irq/irq.c.obj
 .rodata.__func__.4
                0x0000000010008de0        0xf CMakeFiles/uSDR.dir/home/frohro/Projects/pico/pico-sdk/src/rp2_common/hardware_irq/irq.c.obj
 *fill*         0x0000000010008def        0x1 
 .rodata.__func__.6
                0x0000000010008df0       0x1a CMakeFiles/uSDR.dir/home/frohro/Projects/pico/pico-sdk/src/rp2_common/hardware_irq/irq.c.obj
 *fill*         0x0000000010008e0a        0x2 
 .rodata.pll_init.str1.4
                0x0000000010008e0c       0xe3 CMakeFiles/uSDR.dir/home/frohro/Projects/pico/pico-sdk/src/rp2_common/hardware_pll/pll.c.obj
 *fill*         0x0000000010008eef        0x1 
 .rodata.__func__.0
                0x0000000010008ef0        0x9 CMakeFiles/uSDR.dir/home/frohro/Projects/pico/pico-sdk/src/rp2_common/hardware_pll/pll.c.obj
 *fill*         0x0000000010008ef9        0x3 
 .rodata._ftoa.str1.4
                0x0000000010008efc       0x15 CMakeFiles/uSDR.dir/home/frohro/Projects/pico/pico-sdk/src/rp2_common/pico_printf/printf.c.obj
 *fill*         0x0000000010008f11        0x3 
 .rodata._vsnprintf
                0x0000000010008f14      0x1e0 CMakeFiles/uSDR.dir/home/frohro/Projects/pico/pico-sdk/src/rp2_common/pico_printf/printf.c.obj
 *fill*         0x00000000100090f4        0x4 
 .rodata.pow10.0
                0x00000000100090f8       0x50 CMakeFiles/uSDR.dir/home/frohro/Projects/pico/pico-sdk/src/rp2_common/pico_printf/printf.c.obj
 .rodata.__aeabi_double_init.str1.4
                0x0000000010009148       0xb1 CMakeFiles/uSDR.dir/home/frohro/Projects/pico/pico-sdk/src/rp2_common/pico_double/double_init_rom.c.obj
 *fill*         0x00000000100091f9        0x3 
 .rodata.__func__.0
                0x00000000100091fc       0x14 CMakeFiles/uSDR.dir/home/frohro/Projects/pico/pico-sdk/src/rp2_common/pico_double/double_init_rom.c.obj
 .rodata.__aeabi_float_init.str1.4
                0x0000000010009210       0x83 CMakeFiles/uSDR.dir/home/frohro/Projects/pico/pico-sdk/src/rp2_common/pico_float/float_init_rom.c.obj
                                         0x87 (size before relaxing)
 *fill*         0x0000000010009293        0x1 
 .rodata.__func__.0
                0x0000000010009294       0x13 CMakeFiles/uSDR.dir/home/frohro/Projects/pico/pico-sdk/src/rp2_common/pico_float/float_init_rom.c.obj
 *fill*         0x00000000100092a7        0x1 
 .rodata.str1.4
                0x00000000100092a8       0x40 CMakeFiles/uSDR.dir/home/frohro/Projects/pico/pico-sdk/src/rp2_common/pico_standard_link/binary_info.c.obj
 .rodata.__bi_44
                0x00000000100092e8        0xc CMakeFiles/uSDR.dir/home/frohro/Projects/pico/pico-sdk/src/rp2_common/pico_standard_link/binary_info.c.obj
 .rodata.__bi_56
                0x00000000100092f4        0xc CMakeFiles/uSDR.dir/home/frohro/Projects/pico/pico-sdk/src/rp2_common/pico_standard_link/binary_info.c.obj
 .rodata.__bi_75
                0x0000000010009300        0xc CMakeFiles/uSDR.dir/home/frohro/Projects/pico/pico-sdk/src/rp2_common/pico_standard_link/binary_info.c.obj
 .rodata.__bi_81
                0x000000001000930c        0xc CMakeFiles/uSDR.dir/home/frohro/Projects/pico/pico-sdk/src/rp2_common/pico_standard_link/binary_info.c.obj
 .rodata.__wrap_getchar.str1.4
                0x0000000010009318       0x52 CMakeFiles/uSDR.dir/home/frohro/Projects/pico/pico-sdk/src/rp2_common/pico_stdio/stdio.c.obj
 .rodata.getchar_timeout_us.str1.4
                0x000000001000936a       0x6f CMakeFiles/uSDR.dir/home/frohro/Projects/pico/pico-sdk/src/rp2_common/pico_stdio/stdio.c.obj
 *fill*         0x000000001000936a        0x2 
 .rodata.__func__.0
                0x000000001000936c       0x15 CMakeFiles/uSDR.dir/home/frohro/Projects/pico/pico-sdk/src/rp2_common/pico_stdio/stdio.c.obj
 *fill*         0x0000000010009381        0x3 
 .rodata.__func__.1
                0x0000000010009384       0x13 CMakeFiles/uSDR.dir/home/frohro/Projects/pico/pico-sdk/src/rp2_common/pico_stdio/stdio.c.obj
 *fill*         0x0000000010009397        0x1 
 .rodata.crlf_str.3
                0x0000000010009398        0x2 CMakeFiles/uSDR.dir/home/frohro/Projects/pico/pico-sdk/src/rp2_common/pico_stdio/stdio.c.obj
 *fill*         0x000000001000939a        0x2 
 .rodata._resetd_driver
                0x000000001000939c       0x18 CMakeFiles/uSDR.dir/home/frohro/Projects/pico/pico-sdk/src/rp2_common/pico_stdio_usb/reset_interface.c.obj
 .rodata.stdio_usb_init.str1.4
                0x00000000100093b4       0x6a CMakeFiles/uSDR.dir/home/frohro/Projects/pico/pico-sdk/src/rp2_common/pico_stdio_usb/stdio_usb.c.obj
 .rodata.str1.4
                0x00000000100093b4       0x13 CMakeFiles/uSDR.dir/home/frohro/Projects/pico/pico-sdk/src/rp2_common/pico_stdio_usb/stdio_usb.c.obj
 *fill*         0x00000000100093c7        0x1 
 .rodata.__bi_93.1
                0x00000000100093c8        0xc CMakeFiles/uSDR.dir/home/frohro/Projects/pico/pico-sdk/src/rp2_common/pico_stdio_usb/stdio_usb.c.obj
 .rodata.__func__.0
                0x00000000100093d4       0x15 CMakeFiles/uSDR.dir/home/frohro/Projects/pico/pico-sdk/src/rp2_common/pico_stdio_usb/stdio_usb.c.obj
 *fill*         0x00000000100093e9        0x3 
 .rodata.str1.4
                0x00000000100093ec       0x2a CMakeFiles/uSDR.dir/home/frohro/Projects/pico/pico-sdk/src/rp2_common/pico_stdio_usb/stdio_usb_descriptors.c.obj
 *fill*         0x0000000010009416        0x2 
 .rodata.usbd_desc_cfg
                0x0000000010009418       0x54 CMakeFiles/uSDR.dir/home/frohro/Projects/pico/pico-sdk/src/rp2_common/pico_stdio_usb/stdio_usb_descriptors.c.obj
 .rodata.usbd_desc_device
                0x000000001000946c       0x12 CMakeFiles/uSDR.dir/home/frohro/Projects/pico/pico-sdk/src/rp2_common/pico_stdio_usb/stdio_usb_descriptors.c.obj
 *fill*         0x000000001000947e        0x2 
 .rodata.usbd_desc_str
                0x0000000010009480       0x18 CMakeFiles/uSDR.dir/home/frohro/Projects/pico/pico-sdk/src/rp2_common/pico_stdio_usb/stdio_usb_descriptors.c.obj
 .rodata._hw_endpoint_alloc.str1.4
                0x0000000010009498       0xc1 CMakeFiles/uSDR.dir/home/frohro/Projects/pico/pico-sdk/lib/tinyusb/src/portable/raspberrypi/rp2040/dcd_rp2040.c.obj
 *fill*         0x0000000010009559        0x3 
 .rodata.dcd_rp2040_irq.str1.4
                0x000000001000955c       0x14 CMakeFiles/uSDR.dir/home/frohro/Projects/pico/pico-sdk/lib/tinyusb/src/portable/raspberrypi/rp2040/dcd_rp2040.c.obj
 .rodata.dcd_int_enable.str1.4
                0x0000000010009570        0xc CMakeFiles/uSDR.dir/home/frohro/Projects/pico/pico-sdk/lib/tinyusb/src/portable/raspberrypi/rp2040/dcd_rp2040.c.obj
 .rodata.__func__.0
                0x000000001000957c        0xe CMakeFiles/uSDR.dir/home/frohro/Projects/pico/pico-sdk/lib/tinyusb/src/portable/raspberrypi/rp2040/dcd_rp2040.c.obj
 *fill*         0x000000001000958a        0x2 
 .rodata.__func__.1
                0x000000001000958c        0xe CMakeFiles/uSDR.dir/home/frohro/Projects/pico/pico-sdk/lib/tinyusb/src/portable/raspberrypi/rp2040/dcd_rp2040.c.obj
 *fill*         0x000000001000959a        0x2 
 .rodata.__func__.3
                0x000000001000959c       0x10 CMakeFiles/uSDR.dir/home/frohro/Projects/pico/pico-sdk/lib/tinyusb/src/portable/raspberrypi/rp2040/dcd_rp2040.c.obj
 .rodata.__func__.5
                0x00000000100095ac        0xf CMakeFiles/uSDR.dir/home/frohro/Projects/pico/pico-sdk/lib/tinyusb/src/portable/raspberrypi/rp2040/dcd_rp2040.c.obj
 *fill*         0x00000000100095bb        0x1 
 .rodata.__func__.6
                0x00000000100095bc       0x13 CMakeFiles/uSDR.dir/home/frohro/Projects/pico/pico-sdk/lib/tinyusb/src/portable/raspberrypi/rp2040/dcd_rp2040.c.obj
 *fill*         0x00000000100095cf        0x1 
 .rodata.__func__.7
                0x00000000100095d0        0x9 CMakeFiles/uSDR.dir/home/frohro/Projects/pico/pico-sdk/lib/tinyusb/src/portable/raspberrypi/rp2040/dcd_rp2040.c.obj
 *fill*         0x00000000100095d9        0x3 
 .rodata.sync_ep_buffer.str1.4
                0x00000000100095dc       0x9d CMakeFiles/uSDR.dir/home/frohro/Projects/pico/pico-sdk/lib/tinyusb/src/portable/raspberrypi/rp2040/rp2040_usb.c.obj
 *fill*         0x0000000010009679        0x3 
 .rodata._hw_endpoint_buffer_control_update32.str1.4
                0x000000001000967c       0x1f CMakeFiles/uSDR.dir/home/frohro/Projects/pico/pico-sdk/lib/tinyusb/src/portable/raspberrypi/rp2040/rp2040_usb.c.obj
 *fill*         0x000000001000969b        0x1 
 .rodata.hw_endpoint_xfer_start.str1.4
                0x000000001000969c       0x38 CMakeFiles/uSDR.dir/home/frohro/Projects/pico/pico-sdk/lib/tinyusb/src/portable/raspberrypi/rp2040/rp2040_usb.c.obj
 .rodata.hw_endpoint_xfer_continue.str1.4
                0x00000000100096d4       0x29 CMakeFiles/uSDR.dir/home/frohro/Projects/pico/pico-sdk/lib/tinyusb/src/portable/raspberrypi/rp2040/rp2040_usb.c.obj
 *fill*         0x00000000100096fd        0x3 
 .rodata.str1.4
                0x0000000010009700        0x7 CMakeFiles/uSDR.dir/home/frohro/Projects/pico/pico-sdk/lib/tinyusb/src/portable/raspberrypi/rp2040/rp2040_usb.c.obj
 *fill*         0x0000000010009707        0x1 
 .rodata.__func__.0
                0x0000000010009708        0xf CMakeFiles/uSDR.dir/home/frohro/Projects/pico/pico-sdk/lib/tinyusb/src/portable/raspberrypi/rp2040/rp2040_usb.c.obj
 *fill*         0x0000000010009717        0x1 
 .rodata.process_set_config.str1.4
                0x0000000010009718       0x17 CMakeFiles/uSDR.dir/home/frohro/Projects/pico/pico-sdk/lib/tinyusb/src/device/usbd.c.obj
 *fill*         0x000000001000972f        0x1 
 .rodata.process_get_descriptor
                0x0000000010009730       0x40 CMakeFiles/uSDR.dir/home/frohro/Projects/pico/pico-sdk/lib/tinyusb/src/device/usbd.c.obj
 .rodata.process_control_request
                0x0000000010009770       0x28 CMakeFiles/uSDR.dir/home/frohro/Projects/pico/pico-sdk/lib/tinyusb/src/device/usbd.c.obj
 .rodata.tud_task
                0x0000000010009798       0x24 CMakeFiles/uSDR.dir/home/frohro/Projects/pico/pico-sdk/lib/tinyusb/src/device/usbd.c.obj
 .rodata.__func__.2
                0x00000000100097bc        0xf CMakeFiles/uSDR.dir/home/frohro/Projects/pico/pico-sdk/lib/tinyusb/src/device/usbd.c.obj
 *fill*         0x00000000100097cb        0x1 
 .rodata.__func__.3
                0x00000000100097cc        0xf CMakeFiles/uSDR.dir/home/frohro/Projects/pico/pico-sdk/lib/tinyusb/src/device/usbd.c.obj
 *fill*         0x00000000100097db        0x1 
 .rodata.__func__.4
                0x00000000100097dc       0x14 CMakeFiles/uSDR.dir/home/frohro/Projects/pico/pico-sdk/lib/tinyusb/src/device/usbd.c.obj
 .rodata.__func__.5
                0x00000000100097f0       0x10 CMakeFiles/uSDR.dir/home/frohro/Projects/pico/pico-sdk/lib/tinyusb/src/device/usbd.c.obj
 .rodata.__func__.6
                0x0000000010009800       0x17 CMakeFiles/uSDR.dir/home/frohro/Projects/pico/pico-sdk/lib/tinyusb/src/device/usbd.c.obj
 *fill*         0x0000000010009817        0x1 
 .rodata.__func__.7
                0x0000000010009818       0x13 CMakeFiles/uSDR.dir/home/frohro/Projects/pico/pico-sdk/lib/tinyusb/src/device/usbd.c.obj
 *fill*         0x000000001000982b        0x1 
 .rodata.__func__.8
                0x000000001000982c       0x18 CMakeFiles/uSDR.dir/home/frohro/Projects/pico/pico-sdk/lib/tinyusb/src/device/usbd.c.obj
 .rodata.__func__.9
                0x0000000010009844        0x9 CMakeFiles/uSDR.dir/home/frohro/Projects/pico/pico-sdk/lib/tinyusb/src/device/usbd.c.obj
 *fill*         0x000000001000984d        0x3 
 .rodata._usbd_driver
                0x0000000010009850       0x18 CMakeFiles/uSDR.dir/home/frohro/Projects/pico/pico-sdk/lib/tinyusb/src/device/usbd.c.obj
 .rodata.tud_control_xfer.str1.4
                0x0000000010009868       0x17 CMakeFiles/uSDR.dir/home/frohro/Projects/pico/pico-sdk/lib/tinyusb/src/device/usbd_control.c.obj
 .rodata.__func__.0
                0x0000000010009868       0x15 CMakeFiles/uSDR.dir/home/frohro/Projects/pico/pico-sdk/lib/tinyusb/src/device/usbd_control.c.obj
 *fill*         0x000000001000987d        0x3 
 .rodata.__func__.1
                0x0000000010009880       0x11 CMakeFiles/uSDR.dir/home/frohro/Projects/pico/pico-sdk/lib/tinyusb/src/device/usbd_control.c.obj
 .rodata.tud_cdc_n_write_flush.str1.4
                0x0000000010009891       0x17 CMakeFiles/uSDR.dir/home/frohro/Projects/pico/pico-sdk/lib/tinyusb/src/class/cdc/cdc_device.c.obj
 *fill*         0x0000000010009891        0x3 
 .rodata.__func__.0
                0x0000000010009894        0xd CMakeFiles/uSDR.dir/home/frohro/Projects/pico/pico-sdk/lib/tinyusb/src/class/cdc/cdc_device.c.obj
 *fill*         0x00000000100098a1        0x3 
 .rodata.__func__.1
                0x00000000100098a4        0xa CMakeFiles/uSDR.dir/home/frohro/Projects/pico/pico-sdk/lib/tinyusb/src/class/cdc/cdc_device.c.obj
 *fill*         0x00000000100098ae        0x2 
 .rodata.__func__.2
                0x00000000100098b0       0x16 CMakeFiles/uSDR.dir/home/frohro/Projects/pico/pico-sdk/lib/tinyusb/src/class/cdc/cdc_device.c.obj
 .rodata.tusb_init.str1.4
                0x00000000100098c6       0x17 CMakeFiles/uSDR.dir/home/frohro/Projects/pico/pico-sdk/lib/tinyusb/src/tusb.c.obj
 *fill*         0x00000000100098c6        0x2 
 .rodata.__func__.0
                0x00000000100098c8       0x11 CMakeFiles/uSDR.dir/home/frohro/Projects/pico/pico-sdk/lib/tinyusb/src/tusb.c.obj
 *fill*         0x00000000100098d9        0x3 
 .rodata.__func__.1
                0x00000000100098dc        0xa CMakeFiles/uSDR.dir/home/frohro/Projects/pico/pico-sdk/lib/tinyusb/src/tusb.c.obj
 *fill*         0x00000000100098e6        0x2 
 .rodata.pico_get_unique_board_id_string.str1.4
                0x00000000100098e8       0x56 CMakeFiles/uSDR.dir/home/frohro/Projects/pico/pico-sdk/src/rp2_common/pico_unique_id/unique_id.c.obj
 *fill*         0x000000001000993e        0x2 
 .rodata.__func__.0
                0x0000000010009940       0x20 CMakeFiles/uSDR.dir/home/frohro/Projects/pico/pico-sdk/src/rp2_common/pico_unique_id/unique_id.c.obj
 .rodata.str1.4
                0x0000000010009960      0x162 CMakeFiles/uSDR.dir/home/frohro/Projects/pico/pico-sdk/src/rp2_common/hardware_flash/flash.c.obj
 *fill*         0x0000000010009ac2        0x2 
 .rodata.__func__.0
                0x0000000010009ac4        0xd CMakeFiles/uSDR.dir/home/frohro/Projects/pico/pico-sdk/src/rp2_common/hardware_flash/flash.c.obj
 *fill*         0x0000000010009ad1        0x3 
 .rodata.i2c_set_baudrate.str1.4
                0x0000000010009ad4       0x66 CMakeFiles/uSDR.dir/home/frohro/Projects/pico/pico-sdk/src/rp2_common/hardware_i2c/i2c.c.obj
 *fill*         0x0000000010009b3a        0x2 
 .rodata.__func__.0
                0x0000000010009b3c       0x11 CMakeFiles/uSDR.dir/home/frohro/Projects/pico/pico-sdk/src/rp2_common/hardware_i2c/i2c.c.obj
 *fill*         0x0000000010009b4d        0x3 
 .rodata        0x0000000010009b50      0x101 /usr/lib/gcc/arm-none-eabi/10.3.1/../../../arm-none-eabi/lib/thumb/v6-m/nofp/libg.a(lib_a-ctype_.o)
                0x0000000010009b50                _ctype_